../Core/Src/stm32f4xx_hal_msp.c:63:6:HAL_MspInit	8	static
../Core/Src/stm32f4xx_hal_msp.c:85:6:HAL_ADC_MspInit	40	static
../Core/Src/stm32f4xx_hal_msp.c:124:6:HAL_ADC_MspDeInit	0	static
../Core/Src/stm32f4xx_hal_msp.c:158:6:HAL_CAN_MspInit	40	static
../Core/Src/stm32f4xx_hal_msp.c:199:6:HAL_CAN_MspDeInit	8	static
../Core/Src/stm32f4xx_hal_msp.c:231:6:HAL_RTC_MspInit	72	static
../Core/Src/stm32f4xx_hal_msp.c:264:6:HAL_RTC_MspDeInit	0	static
../Core/Src/stm32f4xx_hal_msp.c:286:6:HAL_SPI_MspInit	40	static
../Core/Src/stm32f4xx_hal_msp.c:323:6:HAL_SPI_MspDeInit	0	static
../Core/Src/stm32f4xx_hal_msp.c:353:6:HAL_TIM_Base_MspInit	16	static
../Core/Src/stm32f4xx_hal_msp.c:378:6:HAL_TIM_Base_MspDeInit	0	static
../Core/Src/stm32f4xx_hal_msp.c:403:6:HAL_UART_MspInit	40	static
../Core/Src/stm32f4xx_hal_msp.c:439:6:HAL_UART_MspDeInit	0	static
