Archive member included to satisfy reference by file (symbol)

/opt/st/stm32cubeide_1.11.0/plugins/com.st.stm32cube.ide.mcu.externaltools.gnu-tools-for-stm32.10.3-2021.10.linux64_1.0.100.202210260954/tools/bin/../lib/gcc/arm-none-eabi/10.3.1/../../../../arm-none-eabi/lib/thumb/v7e-m+fp/hard/libc_nano.a(lib_a-errno.o)
                              ./Core/Src/syscalls.o (__errno)
/opt/st/stm32cubeide_1.11.0/plugins/com.st.stm32cube.ide.mcu.externaltools.gnu-tools-for-stm32.10.3-2021.10.linux64_1.0.100.202210260954/tools/bin/../lib/gcc/arm-none-eabi/10.3.1/../../../../arm-none-eabi/lib/thumb/v7e-m+fp/hard/libc_nano.a(lib_a-exit.o)
                              /opt/st/stm32cubeide_1.11.0/plugins/com.st.stm32cube.ide.mcu.externaltools.gnu-tools-for-stm32.10.3-2021.10.linux64_1.0.100.202210260954/tools/bin/../lib/gcc/arm-none-eabi/10.3.1/../../../../arm-none-eabi/lib/thumb/v7e-m+fp/hard/crt0.o (exit)
/opt/st/stm32cubeide_1.11.0/plugins/com.st.stm32cube.ide.mcu.externaltools.gnu-tools-for-stm32.10.3-2021.10.linux64_1.0.100.202210260954/tools/bin/../lib/gcc/arm-none-eabi/10.3.1/../../../../arm-none-eabi/lib/thumb/v7e-m+fp/hard/libc_nano.a(lib_a-impure.o)
                              /opt/st/stm32cubeide_1.11.0/plugins/com.st.stm32cube.ide.mcu.externaltools.gnu-tools-for-stm32.10.3-2021.10.linux64_1.0.100.202210260954/tools/bin/../lib/gcc/arm-none-eabi/10.3.1/../../../../arm-none-eabi/lib/thumb/v7e-m+fp/hard/libc_nano.a(lib_a-exit.o) (_global_impure_ptr)
/opt/st/stm32cubeide_1.11.0/plugins/com.st.stm32cube.ide.mcu.externaltools.gnu-tools-for-stm32.10.3-2021.10.linux64_1.0.100.202210260954/tools/bin/../lib/gcc/arm-none-eabi/10.3.1/../../../../arm-none-eabi/lib/thumb/v7e-m+fp/hard/libc_nano.a(lib_a-init.o)
                              /opt/st/stm32cubeide_1.11.0/plugins/com.st.stm32cube.ide.mcu.externaltools.gnu-tools-for-stm32.10.3-2021.10.linux64_1.0.100.202210260954/tools/bin/../lib/gcc/arm-none-eabi/10.3.1/../../../../arm-none-eabi/lib/thumb/v7e-m+fp/hard/crt0.o (__libc_init_array)
/opt/st/stm32cubeide_1.11.0/plugins/com.st.stm32cube.ide.mcu.externaltools.gnu-tools-for-stm32.10.3-2021.10.linux64_1.0.100.202210260954/tools/bin/../lib/gcc/arm-none-eabi/10.3.1/../../../../arm-none-eabi/lib/thumb/v7e-m+fp/hard/libc_nano.a(lib_a-memset.o)
                              /opt/st/stm32cubeide_1.11.0/plugins/com.st.stm32cube.ide.mcu.externaltools.gnu-tools-for-stm32.10.3-2021.10.linux64_1.0.100.202210260954/tools/bin/../lib/gcc/arm-none-eabi/10.3.1/../../../../arm-none-eabi/lib/thumb/v7e-m+fp/hard/crt0.o (memset)
/opt/st/stm32cubeide_1.11.0/plugins/com.st.stm32cube.ide.mcu.externaltools.gnu-tools-for-stm32.10.3-2021.10.linux64_1.0.100.202210260954/tools/bin/../lib/gcc/arm-none-eabi/10.3.1/../../../../arm-none-eabi/lib/thumb/v7e-m+fp/hard/libc_nano.a(lib_a-strlen.o)
                              ./Core/Src/main.o (strlen)
/opt/st/stm32cubeide_1.11.0/plugins/com.st.stm32cube.ide.mcu.externaltools.gnu-tools-for-stm32.10.3-2021.10.linux64_1.0.100.202210260954/tools/bin/../lib/gcc/arm-none-eabi/10.3.1/thumb/v7e-m+fp/hard/libgcc.a(_aeabi_uldivmod.o)
                              ./Drivers/STM32F4xx_HAL_Driver/Src/stm32f4xx_hal_rcc.o (__aeabi_uldivmod)
/opt/st/stm32cubeide_1.11.0/plugins/com.st.stm32cube.ide.mcu.externaltools.gnu-tools-for-stm32.10.3-2021.10.linux64_1.0.100.202210260954/tools/bin/../lib/gcc/arm-none-eabi/10.3.1/thumb/v7e-m+fp/hard/libgcc.a(_udivmoddi4.o)
                              /opt/st/stm32cubeide_1.11.0/plugins/com.st.stm32cube.ide.mcu.externaltools.gnu-tools-for-stm32.10.3-2021.10.linux64_1.0.100.202210260954/tools/bin/../lib/gcc/arm-none-eabi/10.3.1/thumb/v7e-m+fp/hard/libgcc.a(_aeabi_uldivmod.o) (__udivmoddi4)
/opt/st/stm32cubeide_1.11.0/plugins/com.st.stm32cube.ide.mcu.externaltools.gnu-tools-for-stm32.10.3-2021.10.linux64_1.0.100.202210260954/tools/bin/../lib/gcc/arm-none-eabi/10.3.1/thumb/v7e-m+fp/hard/libgcc.a(_dvmd_tls.o)
                              /opt/st/stm32cubeide_1.11.0/plugins/com.st.stm32cube.ide.mcu.externaltools.gnu-tools-for-stm32.10.3-2021.10.linux64_1.0.100.202210260954/tools/bin/../lib/gcc/arm-none-eabi/10.3.1/thumb/v7e-m+fp/hard/libgcc.a(_aeabi_uldivmod.o) (__aeabi_ldiv0)

Discarded input sections

 .text          0x0000000000000000        0x0 /opt/st/stm32cubeide_1.11.0/plugins/com.st.stm32cube.ide.mcu.externaltools.gnu-tools-for-stm32.10.3-2021.10.linux64_1.0.100.202210260954/tools/bin/../lib/gcc/arm-none-eabi/10.3.1/thumb/v7e-m+fp/hard/crti.o
 .data          0x0000000000000000        0x0 /opt/st/stm32cubeide_1.11.0/plugins/com.st.stm32cube.ide.mcu.externaltools.gnu-tools-for-stm32.10.3-2021.10.linux64_1.0.100.202210260954/tools/bin/../lib/gcc/arm-none-eabi/10.3.1/thumb/v7e-m+fp/hard/crti.o
 .bss           0x0000000000000000        0x0 /opt/st/stm32cubeide_1.11.0/plugins/com.st.stm32cube.ide.mcu.externaltools.gnu-tools-for-stm32.10.3-2021.10.linux64_1.0.100.202210260954/tools/bin/../lib/gcc/arm-none-eabi/10.3.1/thumb/v7e-m+fp/hard/crti.o
[...]
Memory Configuration

Name             Origin             Length             Attributes
RAM              0x0000000020000000 0x0000000000040000 xrw
FLASH            0x0000000008000000 0x0000000000080000 xr
*default*        0x0000000000000000 0xffffffffffffffff

Linker script and memory map

LOAD /opt/st/stm32cubeide_1.11.0/plugins/com.st.stm32cube.ide.mcu.externaltools.gnu-tools-for-stm32.10.3-2021.10.linux64_1.0.100.202210260954/tools/bin/../lib/gcc/arm-none-eabi/10.3.1/thumb/v7e-m+fp/hard/crti.o
LOAD /opt/st/stm32cubeide_1.11.0/plugins/com.st.stm32cube.ide.mcu.externaltools.gnu-tools-for-stm32.10.3-2021.10.linux64_1.0.100.202210260954/tools/bin/../lib/gcc/arm-none-eabi/10.3.1/thumb/v7e-m+fp/hard/crtbegin.o
LOAD /opt/st/stm32cubeide_1.11.0/plugins/com.st.stm32cube.ide.mcu.externaltools.gnu-tools-for-stm32.10.3-2021.10.linux64_1.0.100.202210260954/tools/bin/../lib/gcc/arm-none-eabi/10.3.1/../../../../arm-none-eabi/lib/thumb/v7e-m+fp/hard/crt0.o
LOAD ./Core/Src/main.o
LOAD ./Core/Src/stm32f4xx_hal_msp.o
LOAD ./Core/Src/stm32f4xx_it.o
LOAD ./Core/Src/syscalls.o
LOAD ./Core/Src/sysmem.o
LOAD ./Core/Src/system_stm32f4xx.o
LOAD ./Core/Startup/startup_stm32f412retx.o
LOAD ./Drivers/STM32F4xx_HAL_Driver/Src/stm32f4xx_hal.o
LOAD ./Drivers/STM32F4xx_HAL_Driver/Src/stm32f4xx_hal_cortex.o
LOAD ./Drivers/STM32F4xx_HAL_Driver/Src/stm32f4xx_hal_dma.o
LOAD ./Drivers/STM32F4xx_HAL_Driver/Src/stm32f4xx_hal_dma_ex.o
LOAD ./Drivers/STM32F4xx_HAL_Driver/Src/stm32f4xx_hal_exti.o
LOAD ./Drivers/STM32F4xx_HAL_Driver/Src/stm32f4xx_hal_flash.o
LOAD ./Drivers/STM32F4xx_HAL_Driver/Src/stm32f4xx_hal_flash_ex.o
LOAD ./Drivers/STM32F4xx_HAL_Driver/Src/stm32f4xx_hal_flash_ramfunc.o
LOAD ./Drivers/STM32F4xx_HAL_Driver/Src/stm32f4xx_hal_gpio.o
LOAD ./Drivers/STM32F4xx_HAL_Driver/Src/stm32f4xx_hal_pwr.o
LOAD ./Drivers/STM32F4xx_HAL_Driver/Src/stm32f4xx_hal_pwr_ex.o
LOAD ./Drivers/STM32F4xx_HAL_Driver/Src/stm32f4xx_hal_rcc.o
LOAD ./Drivers/STM32F4xx_HAL_Driver/Src/stm32f4xx_hal_rcc_ex.o
LOAD ./Drivers/STM32F4xx_HAL_Driver/Src/stm32f4xx_hal_sd.o
LOAD ./Drivers/STM32F4xx_HAL_Driver/Src/stm32f4xx_hal_tim.o
LOAD ./Drivers/STM32F4xx_HAL_Driver/Src/stm32f4xx_hal_tim_ex.o
LOAD ./Drivers/STM32F4xx_HAL_Driver/Src/stm32f4xx_ll_sdmmc.o
LOAD ./FATFS/App/fatfs.o
LOAD ./FATFS/Target/bsp_driver_sd.o
LOAD ./FATFS/Target/fatfs_platform.o
LOAD ./FATFS/Target/sd_diskio.o
LOAD ./Middlewares/Third_Party/FatFs/src/diskio.o
LOAD ./Middlewares/Third_Party/FatFs/src/ff.o
LOAD ./Middlewares/Third_Party/FatFs/src/ff_gen_drv.o
LOAD ./Middlewares/Third_Party/FatFs/src/option/syscall.o
START GROUP
LOAD /opt/st/stm32cubeide_1.11.0/plugins/com.st.stm32cube.ide.mcu.externaltools.gnu-tools-for-stm32.10.3-2021.10.linux64_1.0.100.202210260954/tools/bin/../lib/gcc/arm-none-eabi/10.3.1/../../../../arm-none-eabi/lib/thumb/v7e-m+fp/hard/libc_nano.a
LOAD /opt/st/stm32cubeide_1.11.0/plugins/com.st.stm32cube.ide.mcu.externaltools.gnu-tools-for-stm32.10.3-2021.10.linux64_1.0.100.202210260954/tools/bin/../lib/gcc/arm-none-eabi/10.3.1/../../../../arm-none-eabi/lib/thumb/v7e-m+fp/hard/libm.a
END GROUP
START GROUP
LOAD /opt/st/stm32cubeide_1.11.0/plugins/com.st.stm32cube.ide.mcu.externaltools.gnu-tools-for-stm32.10.3-2021.10.linux64_1.0.100.202210260954/tools/bin/../lib/gcc/arm-none-eabi/10.3.1/thumb/v7e-m+fp/hard/libgcc.a
LOAD /opt/st/stm32cubeide_1.11.0/plugins/com.st.stm32cube.ide.mcu.externaltools.gnu-tools-for-stm32.10.3-2021.10.linux64_1.0.100.202210260954/tools/bin/../lib/gcc/arm-none-eabi/10.3.1/../../../../arm-none-eabi/lib/thumb/v7e-m+fp/hard/libc_nano.a
END GROUP
START GROUP
LOAD /opt/st/stm32cubeide_1.11.0/plugins/com.st.stm32cube.ide.mcu.externaltools.gnu-tools-for-stm32.10.3-2021.10.linux64_1.0.100.202210260954/tools/bin/../lib/gcc/arm-none-eabi/10.3.1/thumb/v7e-m+fp/hard/libgcc.a
LOAD /opt/st/stm32cubeide_1.11.0/plugins/com.st.stm32cube.ide.mcu.externaltools.gnu-tools-for-stm32.10.3-2021.10.linux64_1.0.100.202210260954/tools/bin/../lib/gcc/arm-none-eabi/10.3.1/../../../../arm-none-eabi/lib/thumb/v7e-m+fp/hard/libc_nano.a
LOAD /opt/st/stm32cubeide_1.11.0/plugins/com.st.stm32cube.ide.mcu.externaltools.gnu-tools-for-stm32.10.3-2021.10.linux64_1.0.100.202210260954/tools/bin/../lib/gcc/arm-none-eabi/10.3.1/../../../../arm-none-eabi/lib/thumb/v7e-m+fp/hard/libnosys.a
END GROUP
START GROUP
LOAD /opt/st/stm32cubeide_1.11.0/plugins/com.st.stm32cube.ide.mcu.externaltools.gnu-tools-for-stm32.10.3-2021.10.linux64_1.0.100.202210260954/tools/bin/../lib/gcc/arm-none-eabi/10.3.1/thumb/v7e-m+fp/hard/libgcc.a
LOAD /opt/st/stm32cubeide_1.11.0/plugins/com.st.stm32cube.ide.mcu.externaltools.gnu-tools-for-stm32.10.3-2021.10.linux64_1.0.100.202210260954/tools/bin/../lib/gcc/arm-none-eabi/10.3.1/../../../../arm-none-eabi/lib/thumb/v7e-m+fp/hard/libc_nano.a
LOAD /opt/st/stm32cubeide_1.11.0/plugins/com.st.stm32cube.ide.mcu.externaltools.gnu-tools-for-stm32.10.3-2021.10.linux64_1.0.100.202210260954/tools/bin/../lib/gcc/arm-none-eabi/10.3.1/../../../../arm-none-eabi/lib/thumb/v7e-m+fp/hard/libnosys.a
END GROUP
LOAD /opt/st/stm32cubeide_1.11.0/plugins/com.st.stm32cube.ide.mcu.externaltools.gnu-tools-for-stm32.10.3-2021.10.linux64_1.0.100.202210260954/tools/bin/../lib/gcc/arm-none-eabi/10.3.1/thumb/v7e-m+fp/hard/crtend.o
LOAD /opt/st/stm32cubeide_1.11.0/plugins/com.st.stm32cube.ide.mcu.externaltools.gnu-tools-for-stm32.10.3-2021.10.linux64_1.0.100.202210260954/tools/bin/../lib/gcc/arm-none-eabi/10.3.1/thumb/v7e-m+fp/hard/crtn.o
                0x0000000020040000                _estack = (ORIGIN (RAM) + LENGTH (RAM))
                0x0000000000000200                _Min_Heap_Size = 0x200
                0x0000000000000400                _Min_Stack_Size = 0x400

.isr_vector     0x0000000008000000      0x1c4
                0x0000000008000000                . = ALIGN (0x4)
 *(.isr_vector)
 .isr_vector    0x0000000008000000      0x1c4 ./Core/Startup/startup_stm32f412retx.o
                0x0000000008000000                g_pfnVectors
                0x00000000080001c4                . = ALIGN (0x4)

.text           0x00000000080001c4     0x73ec
                0x00000000080001c4                . = ALIGN (0x4)
 *(.text)
 .text          0x00000000080001c4       0x40 /opt/st/stm32cubeide_1.11.0/plugins/com.st.stm32cube.ide.mcu.externaltools.gnu-tools-for-stm32.10.3-2021.10.linux64_1.0.100.202210260954/tools/bin/../lib/gcc/arm-none-eabi/10.3.1/thumb/v7e-m+fp/hard/crtbegin.o
 .text          0x0000000008000204       0x10 /opt/st/stm32cubeide_1.11.0/plugins/com.st.stm32cube.ide.mcu.externaltools.gnu-tools-for-stm32.10.3-2021.10.linux64_1.0.100.202210260954/tools/bin/../lib/gcc/arm-none-eabi/10.3.1/../../../../arm-none-eabi/lib/thumb/v7e-m+fp/hard/libc_nano.a(lib_a-strlen.o)
                0x0000000008000204                strlen
 .text          0x0000000008000214       0x30 /opt/st/stm32cubeide_1.11.0/plugins/com.st.stm32cube.ide.mcu.externaltools.gnu-tools-for-stm32.10.3-2021.10.linux64_1.0.100.202210260954/tools/bin/../lib/gcc/arm-none-eabi/10.3.1/thumb/v7e-m+fp/hard/libgcc.a(_aeabi_uldivmod.o)
                0x0000000008000214                __aeabi_uldivmod
 .text          0x0000000008000244      0x2d0 /opt/st/stm32cubeide_1.11.0/plugins/com.st.stm32cube.ide.mcu.externaltools.gnu-tools-for-stm32.10.3-2021.10.linux64_1.0.100.202210260954/tools/bin/../lib/gcc/arm-none-eabi/10.3.1/thumb/v7e-m+fp/hard/libgcc.a(_udivmoddi4.o)
                0x0000000008000244                __udivmoddi4
 .text          0x0000000008000514        0x4 /opt/st/stm32cubeide_1.11.0/plugins/com.st.stm32cube.ide.mcu.externaltools.gnu-tools-for-stm32.10.3-2021.10.linux64_1.0.100.202210260954/tools/bin/../lib/gcc/arm-none-eabi/10.3.1/thumb/v7e-m+fp/hard/libgcc.a(_dvmd_tls.o)
                0x0000000008000514                __aeabi_ldiv0
                0x0000000008000514                __aeabi_idiv0
 *(.text*)
 .text.main     0x0000000008000518      0x124 ./Core/Src/main.o
                0x0000000008000518                main
 .text.SystemClock_Config
                0x000000000800063c       0xd4 ./Core/Src/main.o
                0x000000000800063c                SystemClock_Config
 .text.MX_SDIO_SD_Init
                0x0000000008000710       0x40 ./Core/Src/main.o
 .text.MX_DMA_Init
                0x0000000008000750       0x50 ./Core/Src/main.o
 .text.MX_GPIO_Init
                0x00000000080007a0       0xb0 ./Core/Src/main.o
 .text.Error_Handler
                0x0000000008000850        0xa ./Core/Src/main.o
                0x0000000008000850                Error_Handler
 *fill*         0x000000000800085a        0x2 
 .text.HAL_MspInit
                0x000000000800085c       0x50 ./Core/Src/stm32f4xx_hal_msp.o
                0x000000000800085c                HAL_MspInit
 .text.HAL_SD_MspInit
                0x00000000080008ac      0x250 ./Core/Src/stm32f4xx_hal_msp.o
                0x00000000080008ac                HAL_SD_MspInit
 .text.NMI_Handler
                0x0000000008000afc        0x6 ./Core/Src/stm32f4xx_it.o
                0x0000000008000afc                NMI_Handler
 .text.HardFault_Handler
                0x0000000008000b02        0x6 ./Core/Src/stm32f4xx_it.o
                0x0000000008000b02                HardFault_Handler
 .text.MemManage_Handler
                0x0000000008000b08        0x6 ./Core/Src/stm32f4xx_it.o
                0x0000000008000b08                MemManage_Handler
 .text.BusFault_Handler
                0x0000000008000b0e        0x6 ./Core/Src/stm32f4xx_it.o
                0x0000000008000b0e                BusFault_Handler
 .text.UsageFault_Handler
                0x0000000008000b14        0x6 ./Core/Src/stm32f4xx_it.o
                0x0000000008000b14                UsageFault_Handler
 .text.SVC_Handler
                0x0000000008000b1a        0xe ./Core/Src/stm32f4xx_it.o
                0x0000000008000b1a                SVC_Handler
 .text.DebugMon_Handler
                0x0000000008000b28        0xe ./Core/Src/stm32f4xx_it.o
                0x0000000008000b28                DebugMon_Handler
 .text.PendSV_Handler
                0x0000000008000b36        0xe ./Core/Src/stm32f4xx_it.o
                0x0000000008000b36                PendSV_Handler
 .text.SysTick_Handler
                0x0000000008000b44        0xc ./Core/Src/stm32f4xx_it.o
                0x0000000008000b44                SysTick_Handler
 .text.SDIO_IRQHandler
                0x0000000008000b50       0x14 ./Core/Src/stm32f4xx_it.o
                0x0000000008000b50                SDIO_IRQHandler
 .text.DMA2_Stream3_IRQHandler
                0x0000000008000b64       0x14 ./Core/Src/stm32f4xx_it.o
                0x0000000008000b64                DMA2_Stream3_IRQHandler
 .text.DMA2_Stream6_IRQHandler
                0x0000000008000b78       0x14 ./Core/Src/stm32f4xx_it.o
                0x0000000008000b78                DMA2_Stream6_IRQHandler
 .text.SystemInit
                0x0000000008000b8c       0x24 ./Core/Src/system_stm32f4xx.o
                0x0000000008000b8c                SystemInit
 .text.Reset_Handler
                0x0000000008000bb0       0x50 ./Core/Startup/startup_stm32f412retx.o
                0x0000000008000bb0                Reset_Handler
 .text.Default_Handler
                0x0000000008000c00        0x2 ./Core/Startup/startup_stm32f412retx.o
                0x0000000008000c00                RTC_Alarm_IRQHandler
                0x0000000008000c00                EXTI2_IRQHandler
                0x0000000008000c00                TIM8_CC_IRQHandler
                0x0000000008000c00                FMPI2C1_EV_IRQHandler
                0x0000000008000c00                SPI4_IRQHandler
                0x0000000008000c00                TIM1_CC_IRQHandler
                0x0000000008000c00                DMA2_Stream5_IRQHandler
                0x0000000008000c00                DMA1_Stream5_IRQHandler
                0x0000000008000c00                TIM6_IRQHandler
                0x0000000008000c00                PVD_IRQHandler
                0x0000000008000c00                TAMP_STAMP_IRQHandler
                0x0000000008000c00                CAN2_RX1_IRQHandler
                0x0000000008000c00                EXTI3_IRQHandler
                0x0000000008000c00                TIM8_TRG_COM_TIM14_IRQHandler
                0x0000000008000c00                DFSDM1_FLT1_IRQHandler
                0x0000000008000c00                TIM1_UP_TIM10_IRQHandler
                0x0000000008000c00                TIM8_UP_TIM13_IRQHandler
                0x0000000008000c00                I2C3_ER_IRQHandler
                0x0000000008000c00                EXTI0_IRQHandler
                0x0000000008000c00                I2C2_EV_IRQHandler
                0x0000000008000c00                DMA1_Stream2_IRQHandler
                0x0000000008000c00                CAN1_RX0_IRQHandler
                0x0000000008000c00                FPU_IRQHandler
                0x0000000008000c00                CAN2_SCE_IRQHandler
                0x0000000008000c00                DMA2_Stream2_IRQHandler
                0x0000000008000c00                SPI1_IRQHandler
                0x0000000008000c00                TIM1_BRK_TIM9_IRQHandler
                0x0000000008000c00                CAN2_RX0_IRQHandler
                0x0000000008000c00                USART6_IRQHandler
                0x0000000008000c00                USART3_IRQHandler
                0x0000000008000c00                CAN1_RX1_IRQHandler
                0x0000000008000c00                DMA2_Stream0_IRQHandler
                0x0000000008000c00                TIM4_IRQHandler
                0x0000000008000c00                QUADSPI_IRQHandler
                0x0000000008000c00                I2C1_EV_IRQHandler
                0x0000000008000c00                DMA1_Stream6_IRQHandler
                0x0000000008000c00                DMA1_Stream1_IRQHandler
                0x0000000008000c00                TIM3_IRQHandler
                0x0000000008000c00                RCC_IRQHandler
                0x0000000008000c00                TIM8_BRK_TIM12_IRQHandler
                0x0000000008000c00                Default_Handler
                0x0000000008000c00                EXTI15_10_IRQHandler
                0x0000000008000c00                ADC_IRQHandler
                0x0000000008000c00                DMA1_Stream7_IRQHandler
                0x0000000008000c00                SPI5_IRQHandler
                0x0000000008000c00                TIM7_IRQHandler
                0x0000000008000c00                CAN2_TX_IRQHandler
                0x0000000008000c00                TIM5_IRQHandler
                0x0000000008000c00                DMA2_Stream7_IRQHandler
                0x0000000008000c00                I2C3_EV_IRQHandler
                0x0000000008000c00                EXTI9_5_IRQHandler
                0x0000000008000c00                RTC_WKUP_IRQHandler
                0x0000000008000c00                SPI2_IRQHandler
                0x0000000008000c00                DMA1_Stream0_IRQHandler
                0x0000000008000c00                CAN1_TX_IRQHandler
                0x0000000008000c00                FMPI2C1_ER_IRQHandler
                0x0000000008000c00                EXTI4_IRQHandler
                0x0000000008000c00                RNG_IRQHandler
                0x0000000008000c00                WWDG_IRQHandler
                0x0000000008000c00                TIM2_IRQHandler
                0x0000000008000c00                OTG_FS_WKUP_IRQHandler
                0x0000000008000c00                TIM1_TRG_COM_TIM11_IRQHandler
                0x0000000008000c00                EXTI1_IRQHandler
                0x0000000008000c00                USART2_IRQHandler
                0x0000000008000c00                DFSDM1_FLT0_IRQHandler
                0x0000000008000c00                I2C2_ER_IRQHandler
                0x0000000008000c00                DMA2_Stream1_IRQHandler
                0x0000000008000c00                CAN1_SCE_IRQHandler
                0x0000000008000c00                FLASH_IRQHandler
                0x0000000008000c00                DMA2_Stream4_IRQHandler
                0x0000000008000c00                USART1_IRQHandler
                0x0000000008000c00                OTG_FS_IRQHandler
                0x0000000008000c00                SPI3_IRQHandler
                0x0000000008000c00                DMA1_Stream4_IRQHandler
                0x0000000008000c00                I2C1_ER_IRQHandler
                0x0000000008000c00                DMA1_Stream3_IRQHandler
 *fill*         0x0000000008000c02        0x2 
 .text.HAL_Init
                0x0000000008000c04       0x44 ./Drivers/STM32F4xx_HAL_Driver/Src/stm32f4xx_hal.o
                0x0000000008000c04                HAL_Init
 .text.HAL_InitTick
                0x0000000008000c48       0x60 ./Drivers/STM32F4xx_HAL_Driver/Src/stm32f4xx_hal.o
                0x0000000008000c48                HAL_InitTick
 .text.HAL_IncTick
                0x0000000008000ca8       0x28 ./Drivers/STM32F4xx_HAL_Driver/Src/stm32f4xx_hal.o
                0x0000000008000ca8                HAL_IncTick
 .text.HAL_GetTick
                0x0000000008000cd0       0x18 ./Drivers/STM32F4xx_HAL_Driver/Src/stm32f4xx_hal.o
                0x0000000008000cd0                HAL_GetTick
 .text.HAL_Delay
                0x0000000008000ce8       0x48 ./Drivers/STM32F4xx_HAL_Driver/Src/stm32f4xx_hal.o
                0x0000000008000ce8                HAL_Delay
 .text.__NVIC_SetPriorityGrouping
                0x0000000008000d30       0x48 ./Drivers/STM32F4xx_HAL_Driver/Src/stm32f4xx_hal_cortex.o
 .text.__NVIC_GetPriorityGrouping
                0x0000000008000d78       0x1c ./Drivers/STM32F4xx_HAL_Driver/Src/stm32f4xx_hal_cortex.o
 .text.__NVIC_EnableIRQ
                0x0000000008000d94       0x3c ./Drivers/STM32F4xx_HAL_Driver/Src/stm32f4xx_hal_cortex.o
 .text.__NVIC_SetPriority
                0x0000000008000dd0       0x54 ./Drivers/STM32F4xx_HAL_Driver/Src/stm32f4xx_hal_cortex.o
 .text.NVIC_EncodePriority
                0x0000000008000e24       0x66 ./Drivers/STM32F4xx_HAL_Driver/Src/stm32f4xx_hal_cortex.o
 *fill*         0x0000000008000e8a        0x2 
 .text.SysTick_Config
                0x0000000008000e8c       0x44 ./Drivers/STM32F4xx_HAL_Driver/Src/stm32f4xx_hal_cortex.o
 .text.HAL_NVIC_SetPriorityGrouping
                0x0000000008000ed0       0x16 ./Drivers/STM32F4xx_HAL_Driver/Src/stm32f4xx_hal_cortex.o
                0x0000000008000ed0                HAL_NVIC_SetPriorityGrouping
 .text.HAL_NVIC_SetPriority
                0x0000000008000ee6       0x38 ./Drivers/STM32F4xx_HAL_Driver/Src/stm32f4xx_hal_cortex.o
                0x0000000008000ee6                HAL_NVIC_SetPriority
 .text.HAL_NVIC_EnableIRQ
                0x0000000008000f1e       0x1c ./Drivers/STM32F4xx_HAL_Driver/Src/stm32f4xx_hal_cortex.o
                0x0000000008000f1e                HAL_NVIC_EnableIRQ
 .text.HAL_SYSTICK_Config
                0x0000000008000f3a       0x18 ./Drivers/STM32F4xx_HAL_Driver/Src/stm32f4xx_hal_cortex.o
                0x0000000008000f3a                HAL_SYSTICK_Config
 *fill*         0x0000000008000f52        0x2 
 .text.HAL_DMA_Init
                0x0000000008000f54      0x15c ./Drivers/STM32F4xx_HAL_Driver/Src/stm32f4xx_hal_dma.o
                0x0000000008000f54                HAL_DMA_Init
 .text.HAL_DMA_Start_IT
                0x00000000080010b0       0xb0 ./Drivers/STM32F4xx_HAL_Driver/Src/stm32f4xx_hal_dma.o
                0x00000000080010b0                HAL_DMA_Start_IT
 .text.HAL_DMA_Abort_IT
                0x0000000008001160       0x44 ./Drivers/STM32F4xx_HAL_Driver/Src/stm32f4xx_hal_dma.o
                0x0000000008001160                HAL_DMA_Abort_IT
 .text.HAL_DMA_IRQHandler
                0x00000000080011a4      0x314 ./Drivers/STM32F4xx_HAL_Driver/Src/stm32f4xx_hal_dma.o
                0x00000000080011a4                HAL_DMA_IRQHandler
 .text.HAL_DMA_GetError
                0x00000000080014b8       0x18 ./Drivers/STM32F4xx_HAL_Driver/Src/stm32f4xx_hal_dma.o
                0x00000000080014b8                HAL_DMA_GetError
 .text.DMA_SetConfig
                0x00000000080014d0       0x5c ./Drivers/STM32F4xx_HAL_Driver/Src/stm32f4xx_hal_dma.o
 .text.DMA_CalcBaseAndBitshift
                0x000000000800152c       0x6c ./Drivers/STM32F4xx_HAL_Driver/Src/stm32f4xx_hal_dma.o
 .text.DMA_CheckFifoParam
                0x0000000008001598       0xf8 ./Drivers/STM32F4xx_HAL_Driver/Src/stm32f4xx_hal_dma.o
 .text.HAL_GPIO_Init
                0x0000000008001690      0x2f8 ./Drivers/STM32F4xx_HAL_Driver/Src/stm32f4xx_hal_gpio.o
                0x0000000008001690                HAL_GPIO_Init
 .text.HAL_GPIO_ReadPin
                0x0000000008001988       0x30 ./Drivers/STM32F4xx_HAL_Driver/Src/stm32f4xx_hal_gpio.o
                0x0000000008001988                HAL_GPIO_ReadPin
 .text.HAL_RCC_ClockConfig
                0x00000000080019b8      0x1cc ./Drivers/STM32F4xx_HAL_Driver/Src/stm32f4xx_hal_rcc.o
                0x00000000080019b8                HAL_RCC_ClockConfig
 .text.HAL_RCC_GetSysClockFreq
                0x0000000008001b84      0x18c ./Drivers/STM32F4xx_HAL_Driver/Src/stm32f4xx_hal_rcc.o
                0x0000000008001b84                HAL_RCC_GetSysClockFreq
 .text.HAL_RCCEx_PeriphCLKConfig
                0x0000000008001d10      0x39c ./Drivers/STM32F4xx_HAL_Driver/Src/stm32f4xx_hal_rcc_ex.o
                0x0000000008001d10                HAL_RCCEx_PeriphCLKConfig
 .text.HAL_RCC_OscConfig
                0x00000000080020ac      0x508 ./Drivers/STM32F4xx_HAL_Driver/Src/stm32f4xx_hal_rcc_ex.o
                0x00000000080020ac                HAL_RCC_OscConfig
 .text.HAL_SD_Init
                0x00000000080025b4       0x60 ./Drivers/STM32F4xx_HAL_Driver/Src/stm32f4xx_hal_sd.o
                0x00000000080025b4                HAL_SD_Init
 .text.HAL_SD_InitCard
                0x0000000008002614      0x100 ./Drivers/STM32F4xx_HAL_Driver/Src/stm32f4xx_hal_sd.o
                0x0000000008002614                HAL_SD_InitCard
 .text.HAL_SD_ReadBlocks_DMA
                0x0000000008002714      0x1c0 ./Drivers/STM32F4xx_HAL_Driver/Src/stm32f4xx_hal_sd.o
                0x0000000008002714                HAL_SD_ReadBlocks_DMA
 .text.HAL_SD_WriteBlocks_DMA
                0x00000000080028d4      0x1c4 ./Drivers/STM32F4xx_HAL_Driver/Src/stm32f4xx_hal_sd.o
                0x00000000080028d4                HAL_SD_WriteBlocks_DMA
 .text.HAL_SD_IRQHandler
                0x0000000008002a98      0x2ec ./Drivers/STM32F4xx_HAL_Driver/Src/stm32f4xx_hal_sd.o
                0x0000000008002a98                HAL_SD_IRQHandler
 .text.HAL_SD_ErrorCallback
                0x0000000008002d84       0x14 ./Drivers/STM32F4xx_HAL_Driver/Src/stm32f4xx_hal_sd.o
                0x0000000008002d84                HAL_SD_ErrorCallback
 .text.HAL_SD_GetCardCSD
                0x0000000008002d98      0x348 ./Drivers/STM32F4xx_HAL_Driver/Src/stm32f4xx_hal_sd.o
                0x0000000008002d98                HAL_SD_GetCardCSD
 .text.HAL_SD_GetCardInfo
                0x00000000080030e0       0x58 ./Drivers/STM32F4xx_HAL_Driver/Src/stm32f4xx_hal_sd.o
                0x00000000080030e0                HAL_SD_GetCardInfo
 .text.HAL_SD_GetCardState
                0x0000000008003138       0x40 ./Drivers/STM32F4xx_HAL_Driver/Src/stm32f4xx_hal_sd.o
                0x0000000008003138                HAL_SD_GetCardState
 .text.SD_DMATransmitCplt
                0x0000000008003178       0x2a ./Drivers/STM32F4xx_HAL_Driver/Src/stm32f4xx_hal_sd.o
 .text.SD_DMAReceiveCplt
                0x00000000080031a2       0x70 ./Drivers/STM32F4xx_HAL_Driver/Src/stm32f4xx_hal_sd.o
 *fill*         0x0000000008003212        0x2 
 .text.SD_DMAError
                0x0000000008003214       0xa4 ./Drivers/STM32F4xx_HAL_Driver/Src/stm32f4xx_hal_sd.o
 .text.SD_DMATxAbort
                0x00000000080032b8       0x6e ./Drivers/STM32F4xx_HAL_Driver/Src/stm32f4xx_hal_sd.o
 .text.SD_DMARxAbort
                0x0000000008003326       0x6e ./Drivers/STM32F4xx_HAL_Driver/Src/stm32f4xx_hal_sd.o
 .text.SD_InitCard
                0x0000000008003394      0x19c ./Drivers/STM32F4xx_HAL_Driver/Src/stm32f4xx_hal_sd.o
 .text.SD_PowerON
                0x0000000008003530      0x11c ./Drivers/STM32F4xx_HAL_Driver/Src/stm32f4xx_hal_sd.o
 .text.SD_SendStatus
                0x000000000800364c       0x50 ./Drivers/STM32F4xx_HAL_Driver/Src/stm32f4xx_hal_sd.o
 .text.SD_Read_IT
                0x000000000800369c       0xa2 ./Drivers/STM32F4xx_HAL_Driver/Src/stm32f4xx_hal_sd.o
 .text.SD_Write_IT
                0x000000000800373e       0xaa ./Drivers/STM32F4xx_HAL_Driver/Src/stm32f4xx_hal_sd.o
 .text.SDIO_Init
                0x00000000080037e8       0x56 ./Drivers/STM32F4xx_HAL_Driver/Src/stm32f4xx_ll_sdmmc.o
                0x00000000080037e8                SDIO_Init
 .text.SDIO_ReadFIFO
                0x000000000800383e       0x1a ./Drivers/STM32F4xx_HAL_Driver/Src/stm32f4xx_ll_sdmmc.o
                0x000000000800383e                SDIO_ReadFIFO
 .text.SDIO_WriteFIFO
                0x0000000008003858       0x22 ./Drivers/STM32F4xx_HAL_Driver/Src/stm32f4xx_ll_sdmmc.o
                0x0000000008003858                SDIO_WriteFIFO
 .text.SDIO_PowerState_ON
                0x000000000800387a       0x1c ./Drivers/STM32F4xx_HAL_Driver/Src/stm32f4xx_ll_sdmmc.o
                0x000000000800387a                SDIO_PowerState_ON
 .text.SDIO_GetPowerState
                0x0000000008003896       0x1c ./Drivers/STM32F4xx_HAL_Driver/Src/stm32f4xx_ll_sdmmc.o
                0x0000000008003896                SDIO_GetPowerState
 .text.SDIO_SendCommand
                0x00000000080038b2       0x54 ./Drivers/STM32F4xx_HAL_Driver/Src/stm32f4xx_ll_sdmmc.o
                0x00000000080038b2                SDIO_SendCommand
 .text.SDIO_GetCommandResponse
                0x0000000008003906       0x1a ./Drivers/STM32F4xx_HAL_Driver/Src/stm32f4xx_ll_sdmmc.o
                0x0000000008003906                SDIO_GetCommandResponse
 .text.SDIO_GetResponse
                0x0000000008003920       0x26 ./Drivers/STM32F4xx_HAL_Driver/Src/stm32f4xx_ll_sdmmc.o
                0x0000000008003920                SDIO_GetResponse
 .text.SDIO_ConfigData
                0x0000000008003946       0x58 ./Drivers/STM32F4xx_HAL_Driver/Src/stm32f4xx_ll_sdmmc.o
                0x0000000008003946                SDIO_ConfigData
 .text.SDMMC_CmdBlockLength
                0x000000000800399e       0x44 ./Drivers/STM32F4xx_HAL_Driver/Src/stm32f4xx_ll_sdmmc.o
                0x000000000800399e                SDMMC_CmdBlockLength
 .text.SDMMC_CmdReadSingleBlock
                0x00000000080039e2       0x44 ./Drivers/STM32F4xx_HAL_Driver/Src/stm32f4xx_ll_sdmmc.o
                0x00000000080039e2                SDMMC_CmdReadSingleBlock
 .text.SDMMC_CmdReadMultiBlock
                0x0000000008003a26       0x44 ./Drivers/STM32F4xx_HAL_Driver/Src/stm32f4xx_ll_sdmmc.o
                0x0000000008003a26                SDMMC_CmdReadMultiBlock
 .text.SDMMC_CmdWriteSingleBlock
                0x0000000008003a6a       0x44 ./Drivers/STM32F4xx_HAL_Driver/Src/stm32f4xx_ll_sdmmc.o
                0x0000000008003a6a                SDMMC_CmdWriteSingleBlock
 .text.SDMMC_CmdWriteMultiBlock
                0x0000000008003aae       0x44 ./Drivers/STM32F4xx_HAL_Driver/Src/stm32f4xx_ll_sdmmc.o
                0x0000000008003aae                SDMMC_CmdWriteMultiBlock
 *fill*         0x0000000008003af2        0x2 
 .text.SDMMC_CmdStopTransfer
                0x0000000008003af4       0x44 ./Drivers/STM32F4xx_HAL_Driver/Src/stm32f4xx_ll_sdmmc.o
                0x0000000008003af4                SDMMC_CmdStopTransfer
 .text.SDMMC_CmdSelDesel
                0x0000000008003b38       0x46 ./Drivers/STM32F4xx_HAL_Driver/Src/stm32f4xx_ll_sdmmc.o
                0x0000000008003b38                SDMMC_CmdSelDesel
 .text.SDMMC_CmdGoIdleState
                0x0000000008003b7e       0x3c ./Drivers/STM32F4xx_HAL_Driver/Src/stm32f4xx_ll_sdmmc.o
                0x0000000008003b7e                SDMMC_CmdGoIdleState
 .text.SDMMC_CmdOperCond
                0x0000000008003bba       0x3e ./Drivers/STM32F4xx_HAL_Driver/Src/stm32f4xx_ll_sdmmc.o
                0x0000000008003bba                SDMMC_CmdOperCond
 .text.SDMMC_CmdAppCommand
                0x0000000008003bf8       0x44 ./Drivers/STM32F4xx_HAL_Driver/Src/stm32f4xx_ll_sdmmc.o
                0x0000000008003bf8                SDMMC_CmdAppCommand
 .text.SDMMC_CmdAppOperCommand
                0x0000000008003c3c       0x46 ./Drivers/STM32F4xx_HAL_Driver/Src/stm32f4xx_ll_sdmmc.o
                0x0000000008003c3c                SDMMC_CmdAppOperCommand
 .text.SDMMC_CmdSendCID
                0x0000000008003c82       0x3c ./Drivers/STM32F4xx_HAL_Driver/Src/stm32f4xx_ll_sdmmc.o
                0x0000000008003c82                SDMMC_CmdSendCID
 .text.SDMMC_CmdSendCSD
                0x0000000008003cbe       0x3e ./Drivers/STM32F4xx_HAL_Driver/Src/stm32f4xx_ll_sdmmc.o
                0x0000000008003cbe                SDMMC_CmdSendCSD
 .text.SDMMC_CmdSetRelAdd
                0x0000000008003cfc       0x42 ./Drivers/STM32F4xx_HAL_Driver/Src/stm32f4xx_ll_sdmmc.o
                0x0000000008003cfc                SDMMC_CmdSetRelAdd
 .text.SDMMC_CmdSendStatus
                0x0000000008003d3e       0x44 ./Drivers/STM32F4xx_HAL_Driver/Src/stm32f4xx_ll_sdmmc.o
                0x0000000008003d3e                SDMMC_CmdSendStatus
 *fill*         0x0000000008003d82        0x2 
 .text.SDMMC_GetCmdResp1
                0x0000000008003d84      0x1dc ./Drivers/STM32F4xx_HAL_Driver/Src/stm32f4xx_ll_sdmmc.o
                0x0000000008003d84                SDMMC_GetCmdResp1
 .text.SDMMC_GetCmdResp2
                0x0000000008003f60       0x90 ./Drivers/STM32F4xx_HAL_Driver/Src/stm32f4xx_ll_sdmmc.o
                0x0000000008003f60                SDMMC_GetCmdResp2
 .text.SDMMC_GetCmdResp3
                0x0000000008003ff0       0x7c ./Drivers/STM32F4xx_HAL_Driver/Src/stm32f4xx_ll_sdmmc.o
                0x0000000008003ff0                SDMMC_GetCmdResp3
 .text.SDMMC_GetCmdResp6
                0x000000000800406c       0xec ./Drivers/STM32F4xx_HAL_Driver/Src/stm32f4xx_ll_sdmmc.o
                0x000000000800406c                SDMMC_GetCmdResp6
 .text.SDMMC_GetCmdResp7
                0x0000000008004158       0x9c ./Drivers/STM32F4xx_HAL_Driver/Src/stm32f4xx_ll_sdmmc.o
                0x0000000008004158                SDMMC_GetCmdResp7
 .text.SDMMC_GetCmdError
                0x00000000080041f4       0x58 ./Drivers/STM32F4xx_HAL_Driver/Src/stm32f4xx_ll_sdmmc.o
 .text.MX_FATFS_Init
                0x000000000800424c       0x24 ./FATFS/App/fatfs.o
                0x000000000800424c                MX_FATFS_Init
 .text.get_fattime
                0x0000000008004270       0x10 ./FATFS/App/fatfs.o
                0x0000000008004270                get_fattime
 .text.BSP_SD_Init
                0x0000000008004280       0x30 ./FATFS/Target/bsp_driver_sd.o
                0x0000000008004280                BSP_SD_Init
 .text.BSP_SD_ReadBlocks_DMA
                0x00000000080042b0       0x34 ./FATFS/Target/bsp_driver_sd.o
                0x00000000080042b0                BSP_SD_ReadBlocks_DMA
 .text.BSP_SD_WriteBlocks_DMA
                0x00000000080042e4       0x34 ./FATFS/Target/bsp_driver_sd.o
                0x00000000080042e4                BSP_SD_WriteBlocks_DMA
 .text.BSP_SD_GetCardState
                0x0000000008004318       0x20 ./FATFS/Target/bsp_driver_sd.o
                0x0000000008004318                BSP_SD_GetCardState
 .text.BSP_SD_GetCardInfo
                0x0000000008004338       0x1c ./FATFS/Target/bsp_driver_sd.o
                0x0000000008004338                BSP_SD_GetCardInfo
 .text.HAL_SD_AbortCallback
                0x0000000008004354       0x14 ./FATFS/Target/bsp_driver_sd.o
                0x0000000008004354                HAL_SD_AbortCallback
 .text.HAL_SD_TxCpltCallback
                0x0000000008004368       0x14 ./FATFS/Target/bsp_driver_sd.o
                0x0000000008004368                HAL_SD_TxCpltCallback
 .text.HAL_SD_RxCpltCallback
                0x000000000800437c       0x14 ./FATFS/Target/bsp_driver_sd.o
                0x000000000800437c                HAL_SD_RxCpltCallback
 .text.BSP_SD_AbortCallback
                0x0000000008004390        0xe ./FATFS/Target/bsp_driver_sd.o
                0x0000000008004390                BSP_SD_AbortCallback
 .text.BSP_SD_IsDetected
                0x000000000800439e       0x24 ./FATFS/Target/bsp_driver_sd.o
                0x000000000800439e                BSP_SD_IsDetected
 *fill*         0x00000000080043c2        0x2 
 .text.BSP_PlatformIsDetected
                0x00000000080043c4       0x2c ./FATFS/Target/fatfs_platform.o
                0x00000000080043c4                BSP_PlatformIsDetected
 .text.SD_CheckStatusWithTimeout
                0x00000000080043f0       0x3a ./FATFS/Target/sd_diskio.o
 *fill*         0x000000000800442a        0x2 
 .text.SD_CheckStatus
                0x000000000800442c       0x3c ./FATFS/Target/sd_diskio.o
 .text.SD_initialize
                0x0000000008004468       0x38 ./FATFS/Target/sd_diskio.o
                0x0000000008004468                SD_initialize
 .text.SD_status
                0x00000000080044a0       0x1c ./FATFS/Target/sd_diskio.o
                0x00000000080044a0                SD_status
 .text.SD_read  0x00000000080044bc       0xac ./FATFS/Target/sd_diskio.o
                0x00000000080044bc                SD_read
 .text.SD_write
                0x0000000008004568       0xac ./FATFS/Target/sd_diskio.o
                0x0000000008004568                SD_write
 .text.SD_ioctl
                0x0000000008004614       0xb0 ./FATFS/Target/sd_diskio.o
                0x0000000008004614                SD_ioctl
 .text.BSP_SD_WriteCpltCallback
                0x00000000080046c4       0x18 ./FATFS/Target/sd_diskio.o
                0x00000000080046c4                BSP_SD_WriteCpltCallback
 .text.BSP_SD_ReadCpltCallback
                0x00000000080046dc       0x18 ./FATFS/Target/sd_diskio.o
                0x00000000080046dc                BSP_SD_ReadCpltCallback
 .text.disk_status
                0x00000000080046f4       0x34 ./Middlewares/Third_Party/FatFs/src/diskio.o
                0x00000000080046f4                disk_status
 .text.disk_initialize
                0x0000000008004728       0x4c ./Middlewares/Third_Party/FatFs/src/diskio.o
                0x0000000008004728                disk_initialize
 .text.disk_read
                0x0000000008004774       0x40 ./Middlewares/Third_Party/FatFs/src/diskio.o
                0x0000000008004774                disk_read
 .text.disk_write
                0x00000000080047b4       0x40 ./Middlewares/Third_Party/FatFs/src/diskio.o
                0x00000000080047b4                disk_write
 .text.disk_ioctl
                0x00000000080047f4       0x3c ./Middlewares/Third_Party/FatFs/src/diskio.o
                0x00000000080047f4                disk_ioctl
 .text.ld_word  0x0000000008004830       0x30 ./Middlewares/Third_Party/FatFs/src/ff.o
 .text.ld_dword
                0x0000000008004860       0x46 ./Middlewares/Third_Party/FatFs/src/ff.o
 .text.st_word  0x00000000080048a6       0x36 ./Middlewares/Third_Party/FatFs/src/ff.o
 .text.st_dword
                0x00000000080048dc       0x58 ./Middlewares/Third_Party/FatFs/src/ff.o
 .text.mem_cpy  0x0000000008004934       0x42 ./Middlewares/Third_Party/FatFs/src/ff.o
 .text.mem_set  0x0000000008004976       0x36 ./Middlewares/Third_Party/FatFs/src/ff.o
 .text.mem_cmp  0x00000000080049ac       0x4e ./Middlewares/Third_Party/FatFs/src/ff.o
 .text.chk_chr  0x00000000080049fa       0x36 ./Middlewares/Third_Party/FatFs/src/ff.o
 .text.chk_lock
                0x0000000008004a30       0xb8 ./Middlewares/Third_Party/FatFs/src/ff.o
 .text.enq_lock
                0x0000000008004ae8       0x44 ./Middlewares/Third_Party/FatFs/src/ff.o
 .text.inc_lock
                0x0000000008004b2c      0x11c ./Middlewares/Third_Party/FatFs/src/ff.o
 .text.dec_lock
                0x0000000008004c48       0x78 ./Middlewares/Third_Party/FatFs/src/ff.o
 .text.clear_lock
                0x0000000008004cc0       0x48 ./Middlewares/Third_Party/FatFs/src/ff.o
 .text.sync_window
                0x0000000008004d08       0x88 ./Middlewares/Third_Party/FatFs/src/ff.o
 .text.move_window
                0x0000000008004d90       0x5a ./Middlewares/Third_Party/FatFs/src/ff.o
 *fill*         0x0000000008004dea        0x2 
 .text.sync_fs  0x0000000008004dec       0xdc ./Middlewares/Third_Party/FatFs/src/ff.o
 .text.clust2sect
                0x0000000008004ec8       0x3e ./Middlewares/Third_Party/FatFs/src/ff.o
 .text.get_fat  0x0000000008004f06      0x150 ./Middlewares/Third_Party/FatFs/src/ff.o
 .text.put_fat  0x0000000008005056      0x1d8 ./Middlewares/Third_Party/FatFs/src/ff.o
 .text.remove_chain
                0x000000000800522e       0xca ./Middlewares/Third_Party/FatFs/src/ff.o
 .text.create_chain
                0x00000000080052f8      0x130 ./Middlewares/Third_Party/FatFs/src/ff.o
 .text.clmt_clust
                0x0000000008005428       0x68 ./Middlewares/Third_Party/FatFs/src/ff.o
 .text.dir_sdi  0x0000000008005490       0xf6 ./Middlewares/Third_Party/FatFs/src/ff.o
 .text.dir_next
                0x0000000008005586      0x18a ./Middlewares/Third_Party/FatFs/src/ff.o
 .text.dir_alloc
                0x0000000008005710       0x8e ./Middlewares/Third_Party/FatFs/src/ff.o
 .text.ld_clust
                0x000000000800579e       0x3e ./Middlewares/Third_Party/FatFs/src/ff.o
 .text.st_clust
                0x00000000080057dc       0x40 ./Middlewares/Third_Party/FatFs/src/ff.o
 .text.dir_find
                0x000000000800581c       0xaa ./Middlewares/Third_Party/FatFs/src/ff.o
 .text.dir_register
                0x00000000080058c6       0x64 ./Middlewares/Third_Party/FatFs/src/ff.o
 *fill*         0x000000000800592a        0x2 
 .text.create_name
                0x000000000800592c      0x128 ./Middlewares/Third_Party/FatFs/src/ff.o
 .text.follow_path
                0x0000000008005a54       0xe2 ./Middlewares/Third_Party/FatFs/src/ff.o
 .text.get_ldnumber
                0x0000000008005b36       0x88 ./Middlewares/Third_Party/FatFs/src/ff.o
 *fill*         0x0000000008005bbe        0x2 
 .text.check_fs
                0x0000000008005bc0       0xac ./Middlewares/Third_Party/FatFs/src/ff.o
 .text.find_volume
                0x0000000008005c6c      0x498 ./Middlewares/Third_Party/FatFs/src/ff.o
 .text.validate
                0x0000000008006104       0x6a ./Middlewares/Third_Party/FatFs/src/ff.o
 *fill*         0x000000000800616e        0x2 
 .text.f_mount  0x0000000008006170       0x8c ./Middlewares/Third_Party/FatFs/src/ff.o
                0x0000000008006170                f_mount
 .text.f_open   0x00000000080061fc      0x37c ./Middlewares/Third_Party/FatFs/src/ff.o
                0x00000000080061fc                f_open
 .text.f_read   0x0000000008006578      0x27e ./Middlewares/Third_Party/FatFs/src/ff.o
                0x0000000008006578                f_read
 .text.f_write  0x00000000080067f6      0x2ea ./Middlewares/Third_Party/FatFs/src/ff.o
                0x00000000080067f6                f_write
 .text.f_sync   0x0000000008006ae0       0xfc ./Middlewares/Third_Party/FatFs/src/ff.o
                0x0000000008006ae0                f_sync
 .text.f_close  0x0000000008006bdc       0x54 ./Middlewares/Third_Party/FatFs/src/ff.o
                0x0000000008006bdc                f_close
 .text.f_mkfs   0x0000000008006c30      0x858 ./Middlewares/Third_Party/FatFs/src/ff.o
                0x0000000008006c30                f_mkfs
 .text.FATFS_LinkDriverEx
                0x0000000008007488       0x98 ./Middlewares/Third_Party/FatFs/src/ff_gen_drv.o
                0x0000000008007488                FATFS_LinkDriverEx
 .text.FATFS_LinkDriver
                0x0000000008007520       0x1e ./Middlewares/Third_Party/FatFs/src/ff_gen_drv.o
                0x0000000008007520                FATFS_LinkDriver
 *fill*         0x000000000800753e        0x2 
 .text.__libc_init_array
                0x0000000008007540       0x48 /opt/st/stm32cubeide_1.11.0/plugins/com.st.stm32cube.ide.mcu.externaltools.gnu-tools-for-stm32.10.3-2021.10.linux64_1.0.100.202210260954/tools/bin/../lib/gcc/arm-none-eabi/10.3.1/../../../../arm-none-eabi/lib/thumb/v7e-m+fp/hard/libc_nano.a(lib_a-init.o)
                0x0000000008007540                __libc_init_array
 .text.memset   0x0000000008007588       0x10 /opt/st/stm32cubeide_1.11.0/plugins/com.st.stm32cube.ide.mcu.externaltools.gnu-tools-for-stm32.10.3-2021.10.linux64_1.0.100.202210260954/tools/bin/../lib/gcc/arm-none-eabi/10.3.1/../../../../arm-none-eabi/lib/thumb/v7e-m+fp/hard/libc_nano.a(lib_a-memset.o)
                0x0000000008007588                memset
 *(.glue_7)
 .glue_7        0x0000000008007598        0x0 linker stubs
 *(.glue_7t)
 .glue_7t       0x0000000008007598        0x0 linker stubs
 *(.eh_frame)
 .eh_frame      0x0000000008007598        0x0 /opt/st/stm32cubeide_1.11.0/plugins/com.st.stm32cube.ide.mcu.externaltools.gnu-tools-for-stm32.10.3-2021.10.linux64_1.0.100.202210260954/tools/bin/../lib/gcc/arm-none-eabi/10.3.1/thumb/v7e-m+fp/hard/crtbegin.o
 *(.init)
 .init          0x0000000008007598        0x4 /opt/st/stm32cubeide_1.11.0/plugins/com.st.stm32cube.ide.mcu.externaltools.gnu-tools-for-stm32.10.3-2021.10.linux64_1.0.100.202210260954/tools/bin/../lib/gcc/arm-none-eabi/10.3.1/thumb/v7e-m+fp/hard/crti.o
                0x0000000008007598                _init
 .init          0x000000000800759c        0x8 /opt/st/stm32cubeide_1.11.0/plugins/com.st.stm32cube.ide.mcu.externaltools.gnu-tools-for-stm32.10.3-2021.10.linux64_1.0.100.202210260954/tools/bin/../lib/gcc/arm-none-eabi/10.3.1/thumb/v7e-m+fp/hard/crtn.o
 *(.fini)
 .fini          0x00000000080075a4        0x4 /opt/st/stm32cubeide_1.11.0/plugins/com.st.stm32cube.ide.mcu.externaltools.gnu-tools-for-stm32.10.3-2021.10.linux64_1.0.100.202210260954/tools/bin/../lib/gcc/arm-none-eabi/10.3.1/thumb/v7e-m+fp/hard/crti.o
                0x00000000080075a4                _fini
 .fini          0x00000000080075a8        0x8 /opt/st/stm32cubeide_1.11.0/plugins/com.st.stm32cube.ide.mcu.externaltools.gnu-tools-for-stm32.10.3-2021.10.linux64_1.0.100.202210260954/tools/bin/../lib/gcc/arm-none-eabi/10.3.1/thumb/v7e-m+fp/hard/crtn.o
                0x00000000080075b0                . = ALIGN (0x4)
                0x00000000080075b0                _etext = .

.vfp11_veneer   0x00000000080075b0        0x0
 .vfp11_veneer  0x00000000080075b0        0x0 linker stubs

.v4_bx          0x00000000080075b0        0x0
 .v4_bx         0x00000000080075b0        0x0 linker stubs

.iplt           0x00000000080075b0        0x0
 .iplt          0x00000000080075b0        0x0 /opt/st/stm32cubeide_1.11.0/plugins/com.st.stm32cube.ide.mcu.externaltools.gnu-tools-for-stm32.10.3-2021.10.linux64_1.0.100.202210260954/tools/bin/../lib/gcc/arm-none-eabi/10.3.1/thumb/v7e-m+fp/hard/crtbegin.o

.rodata         0x00000000080075b0      0x160
                0x00000000080075b0                . = ALIGN (0x4)
 *(.rodata)
 .rodata        0x00000000080075b0       0x50 ./Core/Src/main.o
 .rodata        0x0000000008007600       0x44 ./Middlewares/Third_Party/FatFs/src/ff.o
 *(.rodata*)
 .rodata.AHBPrescTable
                0x0000000008007644       0x10 ./Core/Src/system_stm32f4xx.o
                0x0000000008007644                AHBPrescTable
 .rodata.flagBitshiftOffset.0
                0x0000000008007654        0x8 ./Drivers/STM32F4xx_HAL_Driver/Src/stm32f4xx_hal_dma.o
 .rodata.SD_Driver
                0x000000000800765c       0x14 ./FATFS/Target/sd_diskio.o
                0x000000000800765c                SD_Driver
 .rodata.ExCvt  0x0000000008007670       0x80 ./Middlewares/Third_Party/FatFs/src/ff.o
 .rodata.cst32.1
                0x00000000080076f0        0xe ./Middlewares/Third_Party/FatFs/src/ff.o
 *fill*         0x00000000080076fe        0x2 
 .rodata.cst.0  0x0000000008007700        0xe ./Middlewares/Third_Party/FatFs/src/ff.o
                0x0000000008007710                . = ALIGN (0x4)
 *fill*         0x000000000800770e        0x2 

.ARM.extab      0x0000000008007710        0x0
                0x0000000008007710                . = ALIGN (0x4)
 *(.ARM.extab* .gnu.linkonce.armextab.*)
                0x0000000008007710                . = ALIGN (0x4)

.ARM            0x0000000008007710        0x8
                0x0000000008007710                . = ALIGN (0x4)
                0x0000000008007710                __exidx_start = .
 *(.ARM.exidx*)
 .ARM.exidx     0x0000000008007710        0x8 /opt/st/stm32cubeide_1.11.0/plugins/com.st.stm32cube.ide.mcu.externaltools.gnu-tools-for-stm32.10.3-2021.10.linux64_1.0.100.202210260954/tools/bin/../lib/gcc/arm-none-eabi/10.3.1/thumb/v7e-m+fp/hard/libgcc.a(_udivmoddi4.o)
                0x0000000008007718                __exidx_end = .
                0x0000000008007718                . = ALIGN (0x4)

.rel.dyn        0x0000000008007718        0x0
 .rel.iplt      0x0000000008007718        0x0 /opt/st/stm32cubeide_1.11.0/plugins/com.st.stm32cube.ide.mcu.externaltools.gnu-tools-for-stm32.10.3-2021.10.linux64_1.0.100.202210260954/tools/bin/../lib/gcc/arm-none-eabi/10.3.1/thumb/v7e-m+fp/hard/crtbegin.o

.preinit_array  0x0000000008007718        0x0
                0x0000000008007718                . = ALIGN (0x4)
                0x0000000008007718                PROVIDE (__preinit_array_start = .)
 *(.preinit_array*)
                0x0000000008007718                PROVIDE (__preinit_array_end = .)
                0x0000000008007718                . = ALIGN (0x4)

.init_array     0x0000000008007718        0x4
                0x0000000008007718                . = ALIGN (0x4)
                0x0000000008007718                PROVIDE (__init_array_start = .)
 *(SORT_BY_NAME(.init_array.*))
 *(.init_array*)
 .init_array    0x0000000008007718        0x4 /opt/st/stm32cubeide_1.11.0/plugins/com.st.stm32cube.ide.mcu.externaltools.gnu-tools-for-stm32.10.3-2021.10.linux64_1.0.100.202210260954/tools/bin/../lib/gcc/arm-none-eabi/10.3.1/thumb/v7e-m+fp/hard/crtbegin.o
                0x000000000800771c                PROVIDE (__init_array_end = .)
                0x000000000800771c                . = ALIGN (0x4)

.fini_array     0x000000000800771c        0x4
                0x000000000800771c                . = ALIGN (0x4)
                [!provide]                        PROVIDE (__fini_array_start = .)
 *(SORT_BY_NAME(.fini_array.*))
 *(.fini_array*)
 .fini_array    0x000000000800771c        0x4 /opt/st/stm32cubeide_1.11.0/plugins/com.st.stm32cube.ide.mcu.externaltools.gnu-tools-for-stm32.10.3-2021.10.linux64_1.0.100.202210260954/tools/bin/../lib/gcc/arm-none-eabi/10.3.1/thumb/v7e-m+fp/hard/crtbegin.o
                [!provide]                        PROVIDE (__fini_array_end = .)
                0x0000000008007720                . = ALIGN (0x4)
                0x0000000008007720                _sidata = LOADADDR (.data)

.data           0x0000000020000000        0xc load address 0x0000000008007720
                0x0000000020000000                . = ALIGN (0x4)
                0x0000000020000000                _sdata = .
 *(.data)
 *(.data*)
 .data.SystemCoreClock
                0x0000000020000000        0x4 ./Core/Src/system_stm32f4xx.o
                0x0000000020000000                SystemCoreClock
 .data.uwTickPrio
                0x0000000020000004        0x4 ./Drivers/STM32F4xx_HAL_Driver/Src/stm32f4xx_hal.o
                0x0000000020000004                uwTickPrio
 .data.uwTickFreq
                0x0000000020000008        0x1 ./Drivers/STM32F4xx_HAL_Driver/Src/stm32f4xx_hal.o
                0x0000000020000008                uwTickFreq
 .data.Stat     0x0000000020000009        0x1 ./FATFS/Target/sd_diskio.o
 *(.RamFunc)
 *(.RamFunc*)
                0x000000002000000c                . = ALIGN (0x4)
 *fill*         0x000000002000000a        0x2 
                0x000000002000000c                _edata = .

.igot.plt       0x000000002000000c        0x0 load address 0x000000000800772c
 .igot.plt      0x000000002000000c        0x0 /opt/st/stm32cubeide_1.11.0/plugins/com.st.stm32cube.ide.mcu.externaltools.gnu-tools-for-stm32.10.3-2021.10.linux64_1.0.100.202210260954/tools/bin/../lib/gcc/arm-none-eabi/10.3.1/thumb/v7e-m+fp/hard/crtbegin.o
                0x000000002000000c                . = ALIGN (0x4)

.bss            0x000000002000000c      0x608 load address 0x000000000800772c
                0x000000002000000c                _sbss = .
                0x000000002000000c                __bss_start__ = _sbss
 *(.bss)
 .bss           0x000000002000000c       0x1c /opt/st/stm32cubeide_1.11.0/plugins/com.st.stm32cube.ide.mcu.externaltools.gnu-tools-for-stm32.10.3-2021.10.linux64_1.0.100.202210260954/tools/bin/../lib/gcc/arm-none-eabi/10.3.1/thumb/v7e-m+fp/hard/crtbegin.o
 *(.bss*)
 .bss.hsd       0x0000000020000028       0x84 ./Core/Src/main.o
                0x0000000020000028                hsd
 .bss.hdma_sdio_rx
                0x00000000200000ac       0x60 ./Core/Src/main.o
                0x00000000200000ac                hdma_sdio_rx
 .bss.hdma_sdio_tx
                0x000000002000010c       0x60 ./Core/Src/main.o
                0x000000002000010c                hdma_sdio_tx
 .bss.uwTick    0x000000002000016c        0x4 ./Drivers/STM32F4xx_HAL_Driver/Src/stm32f4xx_hal.o
                0x000000002000016c                uwTick
 .bss.retSD     0x0000000020000170        0x1 ./FATFS/App/fatfs.o
                0x0000000020000170                retSD
 *fill*         0x0000000020000171        0x3 
 .bss.SDPath    0x0000000020000174        0x4 ./FATFS/App/fatfs.o
                0x0000000020000174                SDPath
 .bss.SDFatFS   0x0000000020000178      0x230 ./FATFS/App/fatfs.o
                0x0000000020000178                SDFatFS
 .bss.SDFile    0x00000000200003a8      0x230 ./FATFS/App/fatfs.o
                0x00000000200003a8                SDFile
 .bss.WriteStatus
                0x00000000200005d8        0x4 ./FATFS/Target/sd_diskio.o
 .bss.ReadStatus
                0x00000000200005dc        0x4 ./FATFS/Target/sd_diskio.o
 .bss.FatFs     0x00000000200005e0        0x4 ./Middlewares/Third_Party/FatFs/src/ff.o
 .bss.Fsid      0x00000000200005e4        0x2 ./Middlewares/Third_Party/FatFs/src/ff.o
 *fill*         0x00000000200005e6        0x2 
 .bss.Files     0x00000000200005e8       0x20 ./Middlewares/Third_Party/FatFs/src/ff.o
 .bss.disk      0x0000000020000608        0xc ./Middlewares/Third_Party/FatFs/src/ff_gen_drv.o
                0x0000000020000608                disk
 *(COMMON)
                0x0000000020000614                . = ALIGN (0x4)
                0x0000000020000614                _ebss = .
                0x0000000020000614                __bss_end__ = _ebss

._user_heap_stack
                0x0000000020000614      0x604 load address 0x000000000800772c
                0x0000000020000618                . = ALIGN (0x8)
 *fill*         0x0000000020000614        0x4 
                [!provide]                        PROVIDE (end = .)
                0x0000000020000618                PROVIDE (_end = .)
                0x0000000020000818                . = (. + _Min_Heap_Size)
 *fill*         0x0000000020000618      0x200 
                0x0000000020000c18                . = (. + _Min_Stack_Size)
 *fill*         0x0000000020000818      0x400 
                0x0000000020000c18                . = ALIGN (0x8)

/DISCARD/
 libc.a(*)
 libm.a(*)
 libgcc.a(*)

.ARM.attributes
                0x0000000000000000       0x30
 *(.ARM.attributes)
 .ARM.attributes
                0x0000000000000000       0x1e /opt/st/stm32cubeide_1.11.0/plugins/com.st.stm32cube.ide.mcu.externaltools.gnu-tools-for-stm32.10.3-2021.10.linux64_1.0.100.202210260954/tools/bin/../lib/gcc/arm-none-eabi/10.3.1/thumb/v7e-m+fp/hard/crti.o
 .ARM.attributes
                0x000000000000001e       0x34 /opt/st/stm32cubeide_1.11.0/plugins/com.st.stm32cube.ide.mcu.externaltools.gnu-tools-for-stm32.10.3-2021.10.linux64_1.0.100.202210260954/tools/bin/../lib/gcc/arm-none-eabi/10.3.1/thumb/v7e-m+fp/hard/crtbegin.o
 .ARM.attributes
                0x0000000000000052       0x34 ./Core/Src/main.o
 .ARM.attributes
                0x0000000000000086       0x34 ./Core/Src/stm32f4xx_hal_msp.o
 .ARM.attributes
                0x00000000000000ba       0x34 ./Core/Src/stm32f4xx_it.o
 .ARM.attributes
                0x00000000000000ee       0x34 ./Core/Src/system_stm32f4xx.o
 .ARM.attributes
                0x0000000000000122       0x21 ./Core/Startup/startup_stm32f412retx.o
 .ARM.attributes
                0x0000000000000143       0x34 ./Drivers/STM32F4xx_HAL_Driver/Src/stm32f4xx_hal.o
 .ARM.attributes
                0x0000000000000177       0x34 ./Drivers/STM32F4xx_HAL_Driver/Src/stm32f4xx_hal_cortex.o
 .ARM.attributes
                0x00000000000001ab       0x34 ./Drivers/STM32F4xx_HAL_Driver/Src/stm32f4xx_hal_dma.o
 .ARM.attributes
                0x00000000000001df       0x34 ./Drivers/STM32F4xx_HAL_Driver/Src/stm32f4xx_hal_gpio.o
 .ARM.attributes
                0x0000000000000213       0x34 ./Drivers/STM32F4xx_HAL_Driver/Src/stm32f4xx_hal_rcc.o
 .ARM.attributes
                0x0000000000000247       0x34 ./Drivers/STM32F4xx_HAL_Driver/Src/stm32f4xx_hal_rcc_ex.o
 .ARM.attributes
                0x000000000000027b       0x34 ./Drivers/STM32F4xx_HAL_Driver/Src/stm32f4xx_hal_sd.o
 .ARM.attributes
                0x00000000000002af       0x34 ./Drivers/STM32F4xx_HAL_Driver/Src/stm32f4xx_ll_sdmmc.o
 .ARM.attributes
                0x00000000000002e3       0x34 ./FATFS/App/fatfs.o
 .ARM.attributes
                0x0000000000000317       0x34 ./FATFS/Target/bsp_driver_sd.o
 .ARM.attributes
                0x000000000000034b       0x34 ./FATFS/Target/fatfs_platform.o
 .ARM.attributes
                0x000000000000037f       0x34 ./FATFS/Target/sd_diskio.o
 .ARM.attributes
                0x00000000000003b3       0x34 ./Middlewares/Third_Party/FatFs/src/diskio.o
 .ARM.attributes
                0x00000000000003e7       0x34 ./Middlewares/Third_Party/FatFs/src/ff.o
 .ARM.attributes
                0x000000000000041b       0x34 ./Middlewares/Third_Party/FatFs/src/ff_gen_drv.o
 .ARM.attributes
                0x000000000000044f       0x34 /opt/st/stm32cubeide_1.11.0/plugins/com.st.stm32cube.ide.mcu.externaltools.gnu-tools-for-stm32.10.3-2021.10.linux64_1.0.100.202210260954/tools/bin/../lib/gcc/arm-none-eabi/10.3.1/../../../../arm-none-eabi/lib/thumb/v7e-m+fp/hard/libc_nano.a(lib_a-init.o)
 .ARM.attributes
                0x0000000000000483       0x34 /opt/st/stm32cubeide_1.11.0/plugins/com.st.stm32cube.ide.mcu.externaltools.gnu-tools-for-stm32.10.3-2021.10.linux64_1.0.100.202210260954/tools/bin/../lib/gcc/arm-none-eabi/10.3.1/../../../../arm-none-eabi/lib/thumb/v7e-m+fp/hard/libc_nano.a(lib_a-memset.o)
 .ARM.attributes
                0x00000000000004b7       0x17 /opt/st/stm32cubeide_1.11.0/plugins/com.st.stm32cube.ide.mcu.externaltools.gnu-tools-for-stm32.10.3-2021.10.linux64_1.0.100.202210260954/tools/bin/../lib/gcc/arm-none-eabi/10.3.1/../../../../arm-none-eabi/lib/thumb/v7e-m+fp/hard/libc_nano.a(lib_a-strlen.o)
 .ARM.attributes
                0x00000000000004ce       0x1e /opt/st/stm32cubeide_1.11.0/plugins/com.st.stm32cube.ide.mcu.externaltools.gnu-tools-for-stm32.10.3-2021.10.linux64_1.0.100.202210260954/tools/bin/../lib/gcc/arm-none-eabi/10.3.1/thumb/v7e-m+fp/hard/libgcc.a(_aeabi_uldivmod.o)
 .ARM.attributes
                0x00000000000004ec       0x34 /opt/st/stm32cubeide_1.11.0/plugins/com.st.stm32cube.ide.mcu.externaltools.gnu-tools-for-stm32.10.3-2021.10.linux64_1.0.100.202210260954/tools/bin/../lib/gcc/arm-none-eabi/10.3.1/thumb/v7e-m+fp/hard/libgcc.a(_udivmoddi4.o)
 .ARM.attributes
                0x0000000000000520       0x1e /opt/st/stm32cubeide_1.11.0/plugins/com.st.stm32cube.ide.mcu.externaltools.gnu-tools-for-stm32.10.3-2021.10.linux64_1.0.100.202210260954/tools/bin/../lib/gcc/arm-none-eabi/10.3.1/thumb/v7e-m+fp/hard/libgcc.a(_dvmd_tls.o)
 .ARM.attributes
                0x000000000000053e       0x1e /opt/st/stm32cubeide_1.11.0/plugins/com.st.stm32cube.ide.mcu.externaltools.gnu-tools-for-stm32.10.3-2021.10.linux64_1.0.100.202210260954/tools/bin/../lib/gcc/arm-none-eabi/10.3.1/thumb/v7e-m+fp/hard/crtn.o
OUTPUT(FileSystem_SD_V2.elf elf32-littlearm)
LOAD linker stubs
LOAD /opt/st/stm32cubeide_1.11.0/plugins/com.st.stm32cube.ide.mcu.externaltools.gnu-tools-for-stm32.10.3-2021.10.linux64_1.0.100.202210260954/tools/bin/../lib/gcc/arm-none-eabi/10.3.1/../../../../arm-none-eabi/lib/thumb/v7e-m+fp/hard/libc.a
LOAD /opt/st/stm32cubeide_1.11.0/plugins/com.st.stm32cube.ide.mcu.externaltools.gnu-tools-for-stm32.10.3-2021.10.linux64_1.0.100.202210260954/tools/bin/../lib/gcc/arm-none-eabi/10.3.1/../../../../arm-none-eabi/lib/thumb/v7e-m+fp/hard/libm.a
LOAD /opt/st/stm32cubeide_1.11.0/plugins/com.st.stm32cube.ide.mcu.externaltools.gnu-tools-for-stm32.10.3-2021.10.linux64_1.0.100.202210260954/tools/bin/../lib/gcc/arm-none-eabi/10.3.1/thumb/v7e-m+fp/hard/libgcc.a

.debug_info     0x0000000000000000     0xde1f
 .debug_info    0x0000000000000000     0x14cb ./Core/Src/main.o
 .debug_info    0x00000000000014cb      0xf1d ./Core/Src/stm32f4xx_hal_msp.o
 .debug_info    0x00000000000023e8      0x7d5 ./Core/Src/stm32f4xx_it.o
 .debug_info    0x0000000000002bbd      0x55b ./Core/Src/system_stm32f4xx.o
 .debug_info    0x0000000000003118       0x22 ./Core/Startup/startup_stm32f412retx.o
 .debug_info    0x000000000000313a      0x9a2 ./Drivers/STM32F4xx_HAL_Driver/Src/stm32f4xx_hal.o
 .debug_info    0x0000000000003adc      0xe09 ./Drivers/STM32F4xx_HAL_Driver/Src/stm32f4xx_hal_cortex.o
 .debug_info    0x00000000000048e5      0x94f ./Drivers/STM32F4xx_HAL_Driver/Src/stm32f4xx_hal_dma.o
 .debug_info    0x0000000000005234      0x7be ./Drivers/STM32F4xx_HAL_Driver/Src/stm32f4xx_hal_gpio.o
 .debug_info    0x00000000000059f2      0x9ab ./Drivers/STM32F4xx_HAL_Driver/Src/stm32f4xx_hal_rcc.o
 .debug_info    0x000000000000639d      0x801 ./Drivers/STM32F4xx_HAL_Driver/Src/stm32f4xx_hal_rcc_ex.o
 .debug_info    0x0000000000006b9e     0x1d34 ./Drivers/STM32F4xx_HAL_Driver/Src/stm32f4xx_hal_sd.o
 .debug_info    0x00000000000088d2     0x11dd ./Drivers/STM32F4xx_HAL_Driver/Src/stm32f4xx_ll_sdmmc.o
 .debug_info    0x0000000000009aaf      0x4fa ./FATFS/App/fatfs.o
 .debug_info    0x0000000000009fa9      0xb43 ./FATFS/Target/bsp_driver_sd.o
 .debug_info    0x000000000000aaec      0x1dd ./FATFS/Target/fatfs_platform.o
 .debug_info    0x000000000000acc9      0x59e ./FATFS/Target/sd_diskio.o
 .debug_info    0x000000000000b267      0x412 ./Middlewares/Third_Party/FatFs/src/diskio.o
 .debug_info    0x000000000000b679     0x23fd ./Middlewares/Third_Party/FatFs/src/ff.o
 .debug_info    0x000000000000da76      0x3a9 ./Middlewares/Third_Party/FatFs/src/ff_gen_drv.o

.debug_abbrev   0x0000000000000000     0x265a
 .debug_abbrev  0x0000000000000000      0x313 ./Core/Src/main.o
 .debug_abbrev  0x0000000000000313      0x1f6 ./Core/Src/stm32f4xx_hal_msp.o
 .debug_abbrev  0x0000000000000509      0x19c ./Core/Src/stm32f4xx_it.o
 .debug_abbrev  0x00000000000006a5      0x116 ./Core/Src/system_stm32f4xx.o
 .debug_abbrev  0x00000000000007bb       0x12 ./Core/Startup/startup_stm32f412retx.o
 .debug_abbrev  0x00000000000007cd      0x20d ./Drivers/STM32F4xx_HAL_Driver/Src/stm32f4xx_hal.o
 .debug_abbrev  0x00000000000009da      0x316 ./Drivers/STM32F4xx_HAL_Driver/Src/stm32f4xx_hal_cortex.o
 .debug_abbrev  0x0000000000000cf0      0x25b ./Drivers/STM32F4xx_HAL_Driver/Src/stm32f4xx_hal_dma.o
 .debug_abbrev  0x0000000000000f4b      0x1c4 ./Drivers/STM32F4xx_HAL_Driver/Src/stm32f4xx_hal_gpio.o
 .debug_abbrev  0x000000000000110f      0x2aa ./Drivers/STM32F4xx_HAL_Driver/Src/stm32f4xx_hal_rcc.o
 .debug_abbrev  0x00000000000013b9      0x1d9 ./Drivers/STM32F4xx_HAL_Driver/Src/stm32f4xx_hal_rcc_ex.o
 .debug_abbrev  0x0000000000001592      0x288 ./Drivers/STM32F4xx_HAL_Driver/Src/stm32f4xx_hal_sd.o
 .debug_abbrev  0x000000000000181a      0x1ce ./Drivers/STM32F4xx_HAL_Driver/Src/stm32f4xx_ll_sdmmc.o
 .debug_abbrev  0x00000000000019e8      0x15a ./FATFS/App/fatfs.o
 .debug_abbrev  0x0000000000001b42      0x27d ./FATFS/Target/bsp_driver_sd.o
 .debug_abbrev  0x0000000000001dbf      0x105 ./FATFS/Target/fatfs_platform.o
 .debug_abbrev  0x0000000000001ec4      0x21f ./FATFS/Target/sd_diskio.o
 .debug_abbrev  0x00000000000020e3      0x178 ./Middlewares/Third_Party/FatFs/src/diskio.o
 .debug_abbrev  0x000000000000225b      0x269 ./Middlewares/Third_Party/FatFs/src/ff.o
 .debug_abbrev  0x00000000000024c4      0x196 ./Middlewares/Third_Party/FatFs/src/ff_gen_drv.o

.debug_aranges  0x0000000000000000      0xbe0
 .debug_aranges
                0x0000000000000000       0x48 ./Core/Src/main.o
 .debug_aranges
                0x0000000000000048       0x30 ./Core/Src/stm32f4xx_hal_msp.o
 .debug_aranges
                0x0000000000000078       0x78 ./Core/Src/stm32f4xx_it.o
 .debug_aranges
                0x00000000000000f0       0x28 ./Core/Src/system_stm32f4xx.o
 .debug_aranges
                0x0000000000000118       0x28 ./Core/Startup/startup_stm32f412retx.o
 .debug_aranges
                0x0000000000000140       0xf0 ./Drivers/STM32F4xx_HAL_Driver/Src/stm32f4xx_hal.o
 .debug_aranges
                0x0000000000000230      0x118 ./Drivers/STM32F4xx_HAL_Driver/Src/stm32f4xx_hal_cortex.o
 .debug_aranges
                0x0000000000000348       0x90 ./Drivers/STM32F4xx_HAL_Driver/Src/stm32f4xx_hal_dma.o
 .debug_aranges
                0x00000000000003d8       0x58 ./Drivers/STM32F4xx_HAL_Driver/Src/stm32f4xx_hal_gpio.o
 .debug_aranges
                0x0000000000000430       0x88 ./Drivers/STM32F4xx_HAL_Driver/Src/stm32f4xx_hal_rcc.o
 .debug_aranges
                0x00000000000004b8       0x60 ./Drivers/STM32F4xx_HAL_Driver/Src/stm32f4xx_hal_rcc_ex.o
 .debug_aranges
                0x0000000000000518      0x168 ./Drivers/STM32F4xx_HAL_Driver/Src/stm32f4xx_hal_sd.o
 .debug_aranges
                0x0000000000000680      0x188 ./Drivers/STM32F4xx_HAL_Driver/Src/stm32f4xx_ll_sdmmc.o
 .debug_aranges
                0x0000000000000808       0x28 ./FATFS/App/fatfs.o
 .debug_aranges
                0x0000000000000830       0xa0 ./FATFS/Target/bsp_driver_sd.o
 .debug_aranges
                0x00000000000008d0       0x20 ./FATFS/Target/fatfs_platform.o
 .debug_aranges
                0x00000000000008f0       0x60 ./FATFS/Target/sd_diskio.o
 .debug_aranges
                0x0000000000000950       0x48 ./Middlewares/Third_Party/FatFs/src/diskio.o
 .debug_aranges
                0x0000000000000998      0x208 ./Middlewares/Third_Party/FatFs/src/ff.o
 .debug_aranges
                0x0000000000000ba0       0x40 ./Middlewares/Third_Party/FatFs/src/ff_gen_drv.o

.debug_ranges   0x0000000000000000      0xaa8
 .debug_ranges  0x0000000000000000       0x38 ./Core/Src/main.o
 .debug_ranges  0x0000000000000038       0x20 ./Core/Src/stm32f4xx_hal_msp.o
 .debug_ranges  0x0000000000000058       0x68 ./Core/Src/stm32f4xx_it.o
 .debug_ranges  0x00000000000000c0       0x18 ./Core/Src/system_stm32f4xx.o
 .debug_ranges  0x00000000000000d8       0x20 ./Core/Startup/startup_stm32f412retx.o
 .debug_ranges  0x00000000000000f8       0xe0 ./Drivers/STM32F4xx_HAL_Driver/Src/stm32f4xx_hal.o
 .debug_ranges  0x00000000000001d8      0x108 ./Drivers/STM32F4xx_HAL_Driver/Src/stm32f4xx_hal_cortex.o
 .debug_ranges  0x00000000000002e0       0x80 ./Drivers/STM32F4xx_HAL_Driver/Src/stm32f4xx_hal_dma.o
 .debug_ranges  0x0000000000000360       0x48 ./Drivers/STM32F4xx_HAL_Driver/Src/stm32f4xx_hal_gpio.o
 .debug_ranges  0x00000000000003a8       0x78 ./Drivers/STM32F4xx_HAL_Driver/Src/stm32f4xx_hal_rcc.o
 .debug_ranges  0x0000000000000420       0x50 ./Drivers/STM32F4xx_HAL_Driver/Src/stm32f4xx_hal_rcc_ex.o
 .debug_ranges  0x0000000000000470      0x158 ./Drivers/STM32F4xx_HAL_Driver/Src/stm32f4xx_hal_sd.o
 .debug_ranges  0x00000000000005c8      0x178 ./Drivers/STM32F4xx_HAL_Driver/Src/stm32f4xx_ll_sdmmc.o
 .debug_ranges  0x0000000000000740       0x18 ./FATFS/App/fatfs.o
 .debug_ranges  0x0000000000000758       0x90 ./FATFS/Target/bsp_driver_sd.o
 .debug_ranges  0x00000000000007e8       0x10 ./FATFS/Target/fatfs_platform.o
 .debug_ranges  0x00000000000007f8       0x50 ./FATFS/Target/sd_diskio.o
 .debug_ranges  0x0000000000000848       0x38 ./Middlewares/Third_Party/FatFs/src/diskio.o
 .debug_ranges  0x0000000000000880      0x1f8 ./Middlewares/Third_Party/FatFs/src/ff.o
 .debug_ranges  0x0000000000000a78       0x30 ./Middlewares/Third_Party/FatFs/src/ff_gen_drv.o

.debug_macro    0x0000000000000000    0x20b58
 .debug_macro   0x0000000000000000      0x345 ./Core/Src/main.o
 .debug_macro   0x0000000000000345      0xa78 ./Core/Src/main.o
 .debug_macro   0x0000000000000dbd      0x295 ./Core/Src/main.o
 .debug_macro   0x0000000000001052       0x2e ./Core/Src/main.o
 .debug_macro   0x0000000000001080       0x28 ./Core/Src/main.o
 .debug_macro   0x00000000000010a8       0x22 ./Core/Src/main.o
 .debug_macro   0x00000000000010ca       0x8e ./Core/Src/main.o
 .debug_macro   0x0000000000001158       0x51 ./Core/Src/main.o
 .debug_macro   0x00000000000011a9      0x103 ./Core/Src/main.o
 .debug_macro   0x00000000000012ac       0x6a ./Core/Src/main.o
 .debug_macro   0x0000000000001316      0x1df ./Core/Src/main.o
 .debug_macro   0x00000000000014f5       0x1c ./Core/Src/main.o
 .debug_macro   0x0000000000001511       0x22 ./Core/Src/main.o
 .debug_macro   0x0000000000001533       0xd9 ./Core/Src/main.o
 .debug_macro   0x000000000000160c     0x102d ./Core/Src/main.o
 .debug_macro   0x0000000000002639      0x11f ./Core/Src/main.o
 .debug_macro   0x0000000000002758    0x1469c ./Core/Src/main.o
 .debug_macro   0x0000000000016df4       0x6d ./Core/Src/main.o
 .debug_macro   0x0000000000016e61     0x367e ./Core/Src/main.o
 .debug_macro   0x000000000001a4df      0x174 ./Core/Src/main.o
 .debug_macro   0x000000000001a653       0x5c ./Core/Src/main.o
 .debug_macro   0x000000000001a6af      0x8ed ./Core/Src/main.o
 .debug_macro   0x000000000001af9c      0x9fe ./Core/Src/main.o
 .debug_macro   0x000000000001b99a      0x115 ./Core/Src/main.o
 .debug_macro   0x000000000001baaf      0x192 ./Core/Src/main.o
 .debug_macro   0x000000000001bc41       0xa5 ./Core/Src/main.o
 .debug_macro   0x000000000001bce6      0x158 ./Core/Src/main.o
 .debug_macro   0x000000000001be3e      0x287 ./Core/Src/main.o
 .debug_macro   0x000000000001c0c5       0x5f ./Core/Src/main.o
 .debug_macro   0x000000000001c124      0x236 ./Core/Src/main.o
 .debug_macro   0x000000000001c35a      0x132 ./Core/Src/main.o
 .debug_macro   0x000000000001c48c      0x29c ./Core/Src/main.o
 .debug_macro   0x000000000001c728       0x2e ./Core/Src/main.o
 .debug_macro   0x000000000001c756      0x11a ./Core/Src/main.o
 .debug_macro   0x000000000001c870       0x91 ./Core/Src/main.o
 .debug_macro   0x000000000001c901       0x89 ./Core/Src/main.o
 .debug_macro   0x000000000001c98a      0x81b ./Core/Src/main.o
 .debug_macro   0x000000000001d1a5      0x1d5 ./Core/Src/main.o
 .debug_macro   0x000000000001d37a      0x126 ./Core/Src/main.o
 .debug_macro   0x000000000001d4a0       0x10 ./Core/Src/main.o
 .debug_macro   0x000000000001d4b0       0x1c ./Core/Src/main.o
 .debug_macro   0x000000000001d4cc       0x34 ./Core/Src/main.o
 .debug_macro   0x000000000001d500       0xe5 ./Core/Src/main.o
 .debug_macro   0x000000000001d5e5       0x1e ./Core/Src/main.o
 .debug_macro   0x000000000001d603       0x52 ./Core/Src/main.o
 .debug_macro   0x000000000001d655       0x3c ./Core/Src/main.o
 .debug_macro   0x000000000001d691       0x34 ./Core/Src/main.o
 .debug_macro   0x000000000001d6c5       0x16 ./Core/Src/main.o
 .debug_macro   0x000000000001d6db       0x35 ./Core/Src/main.o
 .debug_macro   0x000000000001d710       0x16 ./Core/Src/main.o
 .debug_macro   0x000000000001d726       0x43 ./Core/Src/main.o
 .debug_macro   0x000000000001d769       0x34 ./Core/Src/main.o
 .debug_macro   0x000000000001d79d       0x10 ./Core/Src/main.o
 .debug_macro   0x000000000001d7ad       0x58 ./Core/Src/main.o
 .debug_macro   0x000000000001d805       0x71 ./Core/Src/main.o
 .debug_macro   0x000000000001d876       0x1c ./Core/Src/main.o
 .debug_macro   0x000000000001d892      0x12a ./Core/Src/main.o
 .debug_macro   0x000000000001d9bc      0x341 ./Core/Src/main.o
 .debug_macro   0x000000000001dcfd       0x16 ./Core/Src/main.o
 .debug_macro   0x000000000001dd13       0x29 ./Core/Src/main.o
 .debug_macro   0x000000000001dd3c       0x12 ./Core/Src/main.o
 .debug_macro   0x000000000001dd4e       0xe2 ./Core/Src/main.o
 .debug_macro   0x000000000001de30       0x8e ./Core/Src/main.o
 .debug_macro   0x000000000001debe       0x16 ./Core/Src/main.o
 .debug_macro   0x000000000001ded4       0x20 ./Core/Src/main.o
 .debug_macro   0x000000000001def4      0x1d8 ./Core/Src/stm32f4xx_hal_msp.o
 .debug_macro   0x000000000001e0cc      0x1e2 ./Core/Src/stm32f4xx_it.o
 .debug_macro   0x000000000001e2ae      0x1c9 ./Core/Src/system_stm32f4xx.o
 .debug_macro   0x000000000001e477      0x229 ./Drivers/STM32F4xx_HAL_Driver/Src/stm32f4xx_hal.o
 .debug_macro   0x000000000001e6a0      0x1c9 ./Drivers/STM32F4xx_HAL_Driver/Src/stm32f4xx_hal_cortex.o
 .debug_macro   0x000000000001e869      0x1cf ./Drivers/STM32F4xx_HAL_Driver/Src/stm32f4xx_hal_dma.o
 .debug_macro   0x000000000001ea38      0x1cf ./Drivers/STM32F4xx_HAL_Driver/Src/stm32f4xx_hal_gpio.o
 .debug_macro   0x000000000001ec07      0x1ed ./Drivers/STM32F4xx_HAL_Driver/Src/stm32f4xx_hal_rcc.o
 .debug_macro   0x000000000001edf4      0x1c9 ./Drivers/STM32F4xx_HAL_Driver/Src/stm32f4xx_hal_rcc_ex.o
 .debug_macro   0x000000000001efbd      0x1ca ./Drivers/STM32F4xx_HAL_Driver/Src/stm32f4xx_hal_sd.o
 .debug_macro   0x000000000001f187      0x1ca ./Drivers/STM32F4xx_HAL_Driver/Src/stm32f4xx_ll_sdmmc.o
 .debug_macro   0x000000000001f351      0x315 ./FATFS/App/fatfs.o
 .debug_macro   0x000000000001f666      0x1e1 ./FATFS/Target/bsp_driver_sd.o
 .debug_macro   0x000000000001f847      0x1d2 ./FATFS/Target/fatfs_platform.o
 .debug_macro   0x000000000001fa19      0x348 ./FATFS/Target/sd_diskio.o
 .debug_macro   0x000000000001fd61       0x16 ./FATFS/Target/sd_diskio.o
 .debug_macro   0x000000000001fd77       0x7c ./FATFS/Target/sd_diskio.o
 .debug_macro   0x000000000001fdf3      0x302 ./Middlewares/Third_Party/FatFs/src/diskio.o
 .debug_macro   0x00000000000200f5      0x709 ./Middlewares/Third_Party/FatFs/src/ff.o
 .debug_macro   0x00000000000207fe       0x58 ./Middlewares/Third_Party/FatFs/src/ff.o
 .debug_macro   0x0000000000020856      0x302 ./Middlewares/Third_Party/FatFs/src/ff_gen_drv.o

.debug_line     0x0000000000000000    0x10077
 .debug_line    0x0000000000000000      0x9eb ./Core/Src/main.o
 .debug_line    0x00000000000009eb      0x770 ./Core/Src/stm32f4xx_hal_msp.o
 .debug_line    0x000000000000115b      0x78f ./Core/Src/stm32f4xx_it.o
 .debug_line    0x00000000000018ea      0x706 ./Core/Src/system_stm32f4xx.o
 .debug_line    0x0000000000001ff0       0x88 ./Core/Startup/startup_stm32f412retx.o
 .debug_line    0x0000000000002078      0x96c ./Drivers/STM32F4xx_HAL_Driver/Src/stm32f4xx_hal.o
 .debug_line    0x00000000000029e4      0xc1b ./Drivers/STM32F4xx_HAL_Driver/Src/stm32f4xx_hal_cortex.o
 .debug_line    0x00000000000035ff      0xed0 ./Drivers/STM32F4xx_HAL_Driver/Src/stm32f4xx_hal_dma.o
 .debug_line    0x00000000000044cf      0xa90 ./Drivers/STM32F4xx_HAL_Driver/Src/stm32f4xx_hal_gpio.o
 .debug_line    0x0000000000004f5f      0xcf2 ./Drivers/STM32F4xx_HAL_Driver/Src/stm32f4xx_hal_rcc.o
 .debug_line    0x0000000000005c51      0xf8e ./Drivers/STM32F4xx_HAL_Driver/Src/stm32f4xx_hal_rcc_ex.o
 .debug_line    0x0000000000006bdf     0x1d8e ./Drivers/STM32F4xx_HAL_Driver/Src/stm32f4xx_hal_sd.o
 .debug_line    0x000000000000896d      0xeff ./Drivers/STM32F4xx_HAL_Driver/Src/stm32f4xx_ll_sdmmc.o
 .debug_line    0x000000000000986c      0x88d ./FATFS/App/fatfs.o
 .debug_line    0x000000000000a0f9      0x866 ./FATFS/Target/bsp_driver_sd.o
 .debug_line    0x000000000000a95f      0x69a ./FATFS/Target/fatfs_platform.o
 .debug_line    0x000000000000aff9      0xa9e ./FATFS/Target/sd_diskio.o
 .debug_line    0x000000000000ba97      0x8fe ./Middlewares/Third_Party/FatFs/src/diskio.o
 .debug_line    0x000000000000c395     0x33c6 ./Middlewares/Third_Party/FatFs/src/ff.o
 .debug_line    0x000000000000f75b      0x91c ./Middlewares/Third_Party/FatFs/src/ff_gen_drv.o

.debug_str      0x0000000000000000    0xbd361
 .debug_str     0x0000000000000000    0xb9ef2 ./Core/Src/main.o
                                      0xba28a (size before relaxing)
 .debug_str     0x00000000000b9ef2      0x1b9 ./Core/Src/stm32f4xx_hal_msp.o
                                      0xb69ba (size before relaxing)
 .debug_str     0x00000000000ba0ab      0x11e ./Core/Src/stm32f4xx_it.o
                                      0xb621b (size before relaxing)
 .debug_str     0x00000000000ba1c9       0xdb ./Core/Src/system_stm32f4xx.o
                                      0xb5df3 (size before relaxing)
 .debug_str     0x00000000000ba2a4       0x36 ./Core/Startup/startup_stm32f412retx.o
                                         0x81 (size before relaxing)
 .debug_str     0x00000000000ba2da      0x612 ./Drivers/STM32F4xx_HAL_Driver/Src/stm32f4xx_hal.o
                                      0xb6951 (size before relaxing)
 .debug_str     0x00000000000ba8ec      0x32d ./Drivers/STM32F4xx_HAL_Driver/Src/stm32f4xx_hal_cortex.o
                                      0xb6660 (size before relaxing)
 .debug_str     0x00000000000bac19      0x2f9 ./Drivers/STM32F4xx_HAL_Driver/Src/stm32f4xx_hal_dma.o
                                      0xb61e9 (size before relaxing)
 .debug_str     0x00000000000baf12      0x15d ./Drivers/STM32F4xx_HAL_Driver/Src/stm32f4xx_hal_gpio.o
                                      0xb5f74 (size before relaxing)
 .debug_str     0x00000000000bb06f      0x233 ./Drivers/STM32F4xx_HAL_Driver/Src/stm32f4xx_hal_rcc.o
                                      0xb622c (size before relaxing)
 .debug_str     0x00000000000bb2a2      0x11c ./Drivers/STM32F4xx_HAL_Driver/Src/stm32f4xx_hal_rcc_ex.o
                                      0xb612c (size before relaxing)
 .debug_str     0x00000000000bb3be      0x908 ./Drivers/STM32F4xx_HAL_Driver/Src/stm32f4xx_hal_sd.o
                                      0xb6b48 (size before relaxing)
 .debug_str     0x00000000000bbcc6      0x227 ./Drivers/STM32F4xx_HAL_Driver/Src/stm32f4xx_ll_sdmmc.o
                                      0xb6256 (size before relaxing)
 .debug_str     0x00000000000bbeed       0xd1 ./FATFS/App/fatfs.o
                                      0xb93f0 (size before relaxing)
 .debug_str     0x00000000000bbfbe      0x17b ./FATFS/Target/bsp_driver_sd.o
                                      0xb648a (size before relaxing)
 .debug_str     0x00000000000bc139       0x21 ./FATFS/Target/fatfs_platform.o
                                      0xb5d25 (size before relaxing)
 .debug_str     0x00000000000bc15a       0xcf ./FATFS/Target/sd_diskio.o
                                      0xb952d (size before relaxing)
 .debug_str     0x00000000000bc229       0x57 ./Middlewares/Third_Party/FatFs/src/diskio.o
                                      0xb930b (size before relaxing)
 .debug_str     0x00000000000bc280     0x1050 ./Middlewares/Third_Party/FatFs/src/ff.o
                                      0xba56e (size before relaxing)
 .debug_str     0x00000000000bd2d0       0x91 ./Middlewares/Third_Party/FatFs/src/ff_gen_drv.o
                                      0xb935c (size before relaxing)

.comment        0x0000000000000000       0x50
 .comment       0x0000000000000000       0x50 ./Core/Src/main.o
                                         0x51 (size before relaxing)
 .comment       0x0000000000000050       0x51 ./Core/Src/stm32f4xx_hal_msp.o
 .comment       0x0000000000000050       0x51 ./Core/Src/stm32f4xx_it.o
 .comment       0x0000000000000050       0x51 ./Core/Src/system_stm32f4xx.o
 .comment       0x0000000000000050       0x51 ./Drivers/STM32F4xx_HAL_Driver/Src/stm32f4xx_hal.o
 .comment       0x0000000000000050       0x51 ./Drivers/STM32F4xx_HAL_Driver/Src/stm32f4xx_hal_cortex.o
 .comment       0x0000000000000050       0x51 ./Drivers/STM32F4xx_HAL_Driver/Src/stm32f4xx_hal_dma.o
 .comment       0x0000000000000050       0x51 ./Drivers/STM32F4xx_HAL_Driver/Src/stm32f4xx_hal_gpio.o
 .comment       0x0000000000000050       0x51 ./Drivers/STM32F4xx_HAL_Driver/Src/stm32f4xx_hal_rcc.o
 .comment       0x0000000000000050       0x51 ./Drivers/STM32F4xx_HAL_Driver/Src/stm32f4xx_hal_rcc_ex.o
 .comment       0x0000000000000050       0x51 ./Drivers/STM32F4xx_HAL_Driver/Src/stm32f4xx_hal_sd.o
 .comment       0x0000000000000050       0x51 ./Drivers/STM32F4xx_HAL_Driver/Src/stm32f4xx_ll_sdmmc.o
 .comment       0x0000000000000050       0x51 ./FATFS/App/fatfs.o
 .comment       0x0000000000000050       0x51 ./FATFS/Target/bsp_driver_sd.o
 .comment       0x0000000000000050       0x51 ./FATFS/Target/fatfs_platform.o
 .comment       0x0000000000000050       0x51 ./FATFS/Target/sd_diskio.o
 .comment       0x0000000000000050       0x51 ./Middlewares/Third_Party/FatFs/src/diskio.o
 .comment       0x0000000000000050       0x51 ./Middlewares/Third_Party/FatFs/src/ff.o
 .comment       0x0000000000000050       0x51 ./Middlewares/Third_Party/FatFs/src/ff_gen_drv.o

.debug_frame    0x0000000000000000     0x2f04
 .debug_frame   0x0000000000000000       0xd8 ./Core/Src/main.o
 .debug_frame   0x00000000000000d8       0x84 ./Core/Src/stm32f4xx_hal_msp.o
 .debug_frame   0x000000000000015c      0x158 ./Core/Src/stm32f4xx_it.o
 .debug_frame   0x00000000000002b4       0x58 ./Core/Src/system_stm32f4xx.o
 .debug_frame   0x000000000000030c      0x374 ./Drivers/STM32F4xx_HAL_Driver/Src/stm32f4xx_hal.o
 .debug_frame   0x0000000000000680      0x498 ./Drivers/STM32F4xx_HAL_Driver/Src/stm32f4xx_hal_cortex.o
 .debug_frame   0x0000000000000b18      0x250 ./Drivers/STM32F4xx_HAL_Driver/Src/stm32f4xx_hal_dma.o
 .debug_frame   0x0000000000000d68      0x14c ./Drivers/STM32F4xx_HAL_Driver/Src/stm32f4xx_hal_gpio.o
 .debug_frame   0x0000000000000eb4      0x1f4 ./Drivers/STM32F4xx_HAL_Driver/Src/stm32f4xx_hal_rcc.o
 .debug_frame   0x00000000000010a8      0x16c ./Drivers/STM32F4xx_HAL_Driver/Src/stm32f4xx_hal_rcc_ex.o
 .debug_frame   0x0000000000001214      0x650 ./Drivers/STM32F4xx_HAL_Driver/Src/stm32f4xx_hal_sd.o
 .debug_frame   0x0000000000001864      0x6d0 ./Drivers/STM32F4xx_HAL_Driver/Src/stm32f4xx_ll_sdmmc.o
 .debug_frame   0x0000000000001f34       0x4c ./FATFS/App/fatfs.o
 .debug_frame   0x0000000000001f80      0x258 ./FATFS/Target/bsp_driver_sd.o
 .debug_frame   0x00000000000021d8       0x34 ./FATFS/Target/fatfs_platform.o
 .debug_frame   0x000000000000220c      0x14c ./FATFS/Target/sd_diskio.o
 .debug_frame   0x0000000000002358       0xec ./Middlewares/Third_Party/FatFs/src/diskio.o
 .debug_frame   0x0000000000002444      0x94c ./Middlewares/Third_Party/FatFs/src/ff.o
 .debug_frame   0x0000000000002d90       0xc8 ./Middlewares/Third_Party/FatFs/src/ff_gen_drv.o
 .debug_frame   0x0000000000002e58       0x2c /opt/st/stm32cubeide_1.11.0/plugins/com.st.stm32cube.ide.mcu.externaltools.gnu-tools-for-stm32.10.3-2021.10.linux64_1.0.100.202210260954/tools/bin/../lib/gcc/arm-none-eabi/10.3.1/../../../../arm-none-eabi/lib/thumb/v7e-m+fp/hard/libc_nano.a(lib_a-init.o)
 .debug_frame   0x0000000000002e84       0x20 /opt/st/stm32cubeide_1.11.0/plugins/com.st.stm32cube.ide.mcu.externaltools.gnu-tools-for-stm32.10.3-2021.10.linux64_1.0.100.202210260954/tools/bin/../lib/gcc/arm-none-eabi/10.3.1/../../../../arm-none-eabi/lib/thumb/v7e-m+fp/hard/libc_nano.a(lib_a-memset.o)
 .debug_frame   0x0000000000002ea4       0x2c /opt/st/stm32cubeide_1.11.0/plugins/com.st.stm32cube.ide.mcu.externaltools.gnu-tools-for-stm32.10.3-2021.10.linux64_1.0.100.202210260954/tools/bin/../lib/gcc/arm-none-eabi/10.3.1/thumb/v7e-m+fp/hard/libgcc.a(_aeabi_uldivmod.o)
 .debug_frame   0x0000000000002ed0       0x34 /opt/st/stm32cubeide_1.11.0/plugins/com.st.stm32cube.ide.mcu.externaltools.gnu-tools-for-stm32.10.3-2021.10.linux64_1.0.100.202210260954/tools/bin/../lib/gcc/arm-none-eabi/10.3.1/thumb/v7e-m+fp/hard/libgcc.a(_udivmoddi4.o)
