../Core/Src/main.c:89:5:main	4168	static
../Core/Src/main.c:154:6:SystemClock_Config	88	static
../Core/Src/main.c:198:13:MX_CAN1_Init	48	static
../Core/Src/main.c:248:13:MX_RTC_Init	8	static
../Core/Src/main.c:283:13:MX_SPI1_Init	8	static
../Core/Src/main.c:321:13:MX_TIM6_Init	16	static
../Core/Src/main.c:359:13:MX_USART1_UART_Init	8	static
../Core/Src/main.c:392:13:MX_GPIO_Init	48	static
../Core/Src/main.c:471:6:HAL_TIM_PeriodElapsedCallback	16	static
../Core/Src/main.c:476:6:HAL_CAN_RxFifo0MsgPendingCallback	16	static
../Core/Src/main.c:487:6:Error_Handler	4	static,ignoring_inline_asm
