16:34:03 **** Incremental Build of configuration Debug for project BlinkTest ****
make -j16 all 
arm-none-eabi-gcc "../Core/Src/main.c" -mcpu=cortex-m4 -std=gnu11 -g3 -DDEBUG -DUSE_HAL_DRIVER -DSTM32F412Rx -c -I../Core/Inc -I../Drivers/STM32F4xx_HAL_Driver/Inc -I../Drivers/STM32F4xx_HAL_Driver/Inc/Legacy -I../Drivers/CMSIS/Device/ST/STM32F4xx/Include -I../Drivers/CMSIS/Include -O0 -ffunction-sections -fdata-sections -Wall -fstack-usage -MMD -MP -MF"Core/Src/main.d" -MT"Core/Src/main.o" --specs=nano.specs -mfpu=fpv4-sp-d16 -mfloat-abi=hard -mthumb -o "Core/Src/main.o"
arm-none-eabi-gcc -o "BlinkTest.elf" @"objects.list"   -mcpu=cortex-m4 -T"C:\Users\RuiMendes\OneDrive - Nomad Tech Lda\Documentos\Repositories\Laboratory\A8 - STM Supervisors\A - Blink Test\BlinkTest\STM32F412RETX_FLASH.ld" --specs=nosys.specs -Wl,-Map="BlinkTest.map" -Wl,--gc-sections -static --specs=nano.specs -mfpu=fpv4-sp-d16 -mfloat-abi=hard -mthumb -Wl,--start-group -lc -lm -Wl,--end-group
Finished building target: BlinkTest.elf
 
arm-none-eabi-size   BlinkTest.elf 
arm-none-eabi-objdump -h -S  BlinkTest.elf  > "BlinkTest.list"
   text	   data	    bss	    dec	    hex	filename
   6140	     20	   1572	   7732	   1e34	BlinkTest.elf
Finished building: default.size.stdout
 
Finished building: BlinkTest.list
 

16:34:06 Build Finished. 0 errors, 0 warnings. (took 3s.331ms)

