../Core/Src/main.c:63:10:ADC_Selector	40	static
../Core/Src/main.c:100:5:main	8	static
../Core/Src/main.c:149:6:SystemClock_Config	88	static
../Core/Src/main.c:193:13:MX_ADC1_Init	56	static
../Core/Src/main.c:270:13:MX_RTC_Init	8	static
../Core/Src/main.c:305:13:MX_TIM6_Init	16	static
../Core/Src/main.c:343:13:MX_USART1_UART_Init	8	static
../Core/Src/main.c:376:13:MX_GPIO_Init	40	static
../Core/Src/main.c:398:6:HAL_TIM_PeriodElapsedCallback	120	static
../Core/Src/main.c:411:6:Error_Handler	4	static,ignoring_inline_asm
