13:29:00 **** Incremental Build of configuration Debug for project FileSystem_SPI ****
make -j4 all 
arm-none-eabi-gcc "../Core/Src/main.c" -mcpu=cortex-m4 -std=gnu11 -g3 -DDEBUG -DUSE_HAL_DRIVER -DSTM32F412Rx -c -I../Core/Inc -I../Drivers/STM32F4xx_HAL_Driver/Inc -I../Drivers/STM32F4xx_HAL_Driver/Inc/Legacy -I../Drivers/CMSIS/Device/ST/STM32F4xx/Include -I../Drivers/CMSIS/Include -I../FATFS/Target -I../FATFS/App -I../Middlewares/Third_Party/FatFs/src -O0 -ffunction-sections -fdata-sections -Wall -fstack-usage -MMD -MP -MF"Core/Src/main.d" -MT"Core/Src/main.o" --specs=nano.specs -mfpu=fpv4-sp-d16 -mfloat-abi=hard -mthumb -o "Core/Src/main.o"
arm-none-eabi-gcc -o "FileSystem_SPI.elf" @"objects.list"   -mcpu=cortex-m4 -T"/home/rui/Desktop/Code/WorkingPapers/7 - FileSystem/FileSystem_SPI/STM32F412RETX_FLASH.ld" --specs=nosys.specs -Wl,-Map="FileSystem_SPI.map" -Wl,--gc-sections -static --specs=nano.specs -mfpu=fpv4-sp-d16 -mfloat-abi=hard -mthumb -Wl,--start-group -lc -lm -Wl,--end-group
Finished building target: FileSystem_SPI.elf
 
arm-none-eabi-size   FileSystem_SPI.elf 
arm-none-eabi-objdump -h -S  FileSystem_SPI.elf  > "FileSystem_SPI.list"
   text	   data	    bss	    dec	    hex	filename
  30688	     44	  12876	  43608	   aa58	FileSystem_SPI.elf
Finished building: default.size.stdout
 
Finished building: FileSystem_SPI.list
 
13:48:26 **** Incremental Build of configuration Debug for project FileSystem_SPI ****
make -j4 all 
arm-none-eabi-size   FileSystem_SPI.elf 
   text	   data	    bss	    dec	    hex	filename
  30688	     44	  12876	  43608	   aa58	FileSystem_SPI.elf
Finished building: default.size.stdout
 
13:52:14 **** Incremental Build of configuration Debug for project FileSystem_SPI ****
make -j4 all 
arm-none-eabi-size   FileSystem_SPI.elf 
   text	   data	    bss	    dec	    hex	filename
  30688	     44	  12876	  43608	   aa58	FileSystem_SPI.elf
Finished building: default.size.stdout
 
13:52:48 **** Incremental Build of configuration Debug for project FileSystem_SPI ****
make -j4 all 
arm-none-eabi-size   FileSystem_SPI.elf 
   text	   data	    bss	    dec	    hex	filename
  30688	     44	  12876	  43608	   aa58	FileSystem_SPI.elf
Finished building: default.size.stdout
 
13:53:12 **** Incremental Build of configuration Debug for project FileSystem_SPI ****
make -j4 all 
arm-none-eabi-size   FileSystem_SPI.elf 
   text	   data	    bss	    dec	    hex	filename
  30688	     44	  12876	  43608	   aa58	FileSystem_SPI.elf
Finished building: default.size.stdout
 
13:53:34 **** Incremental Build of configuration Debug for project FileSystem_SPI ****
make -j4 all 
arm-none-eabi-size   FileSystem_SPI.elf 
   text	   data	    bss	    dec	    hex	filename
  30688	     44	  12876	  43608	   aa58	FileSystem_SPI.elf
Finished building: default.size.stdout
 
13:54:02 **** Incremental Build of configuration Debug for project FileSystem_SPI ****
make -j4 all 
arm-none-eabi-size   FileSystem_SPI.elf 
   text	   data	    bss	    dec	    hex	filename
  30688	     44	  12876	  43608	   aa58	FileSystem_SPI.elf
Finished building: default.size.stdout
 
13:54:52 **** Incremental Build of configuration Debug for project FileSystem_SPI ****
make -j4 all 
arm-none-eabi-size   FileSystem_SPI.elf 
   text	   data	    bss	    dec	    hex	filename
  30688	     44	  12876	  43608	   aa58	FileSystem_SPI.elf
Finished building: default.size.stdout
 
13:55:27 **** Incremental Build of configuration Debug for project FileSystem_SPI ****
make -j4 all 
arm-none-eabi-size   FileSystem_SPI.elf 
   text	   data	    bss	    dec	    hex	filename
  30688	     44	  12876	  43608	   aa58	FileSystem_SPI.elf
Finished building: default.size.stdout
 
